================================================================================
CHECKING ALL IMAGES FOR UPDATES
================================================================================

[?] CHECK traefik: traefik:v3.7.0
    Repo: library/traefik
    Fetched 499 tags
      Current: 'v3.7.0' -> ver='3.7.0', suffix=''
      Same-track tags (122): ['v3.7.5', 'v3.7', 'v3.6.21', 'v3.6', 'v3', 'v2.11.50', 'v2.11', 'v2']
        Skipped 'ramequin' (can't parse 'ramequin')
        Skipped 'mimolette' (can't parse 'mimolette')
        Skipped 'langres' (can't parse 'langres')
        Skipped 'windowsservercore-ltsc2025' (can't parse 'windowsservercore-ltsc2025')
        Skipped 'windowsservercore-ltsc2022' (can't parse 'windowsservercore-ltsc2022')
        Skipped 'ramequin-windowsservercore-ltsc2025' (can't parse 'ramequin-windowsservercore-ltsc2025')
        Skipped 'ramequin-windowsservercore-ltsc2022' (can't parse 'ramequin-windowsservercore-ltsc2022')
        Skipped 'ramequin-nanoserver-ltsc2025' (can't parse 'ramequin-nanoserver-ltsc2025')
        Skipped 'ramequin-nanoserver-ltsc2022' (can't parse 'ramequin-nanoserver-ltsc2022')
        Skipped 'nanoserver-ltsc2025' (can't parse 'nanoserver-ltsc2025')
        Skipped 'nanoserver-ltsc2022' (can't parse 'nanoserver-ltsc2022')
        Skipped 'mimolette-windowsservercore-ltsc2025' (can't parse 'mimolette-windowsservercore-ltsc2025')
        Skipped 'mimolette-windowsservercore-ltsc2022' (can't parse 'mimolette-windowsservercore-ltsc2022')
        Skipped 'mimolette-nanoserver-ltsc2025' (can't parse 'mimolette-nanoserver-ltsc2025')
        Skipped 'mimolette-nanoserver-ltsc2022' (can't parse 'mimolette-nanoserver-ltsc2022')
        Skipped 'langres-windowsservercore-ltsc2025' (can't parse 'langres-windowsservercore-ltsc2025')
        Skipped 'langres-windowsservercore-ltsc2022' (can't parse 'langres-windowsservercore-ltsc2022')
        Skipped 'langres-nanoserver-ltsc2025' (can't parse 'langres-nanoserver-ltsc2025')
        Skipped 'langres-nanoserver-ltsc2022' (can't parse 'langres-nanoserver-ltsc2022')
        Skipped 'chabichou-windowsservercore-ltsc2022' (can't parse 'chabichou-windowsservercore-ltsc2022')
        Skipped 'chabichou-nanoserver-ltsc2022' (can't parse 'chabichou-nanoserver-ltsc2022')
        Skipped 'chabichou' (can't parse 'chabichou')
      Highest: v3.7.5 (parsed as (3, 7, 5))
    [!] UPDATE: v3.7.0 -> v3.7.5

[?] CHECK postgres: postgres:18.3-trixie
    Repo: library/postgres
    Fetched 499 tags
      Current: '18.3-trixie' -> ver='18.3', suffix='-trixie'
      Same-track tags (38): ['18.4-trixie', '18-trixie', '17.10-trixie', '17-trixie', '16.14-trixie', '16-trixie', '15.18-trixie', '15-trixie']
      Highest: 18.4-trixie (parsed as (18, 4, 0))
    [!] UPDATE: 18.3-trixie -> 18.4-trixie

[?] CHECK redis: redis:7.4-alpine
    Repo: library/redis
    Fetched 499 tags
      Current: '7.4-alpine' -> ver='7.4', suffix='-alpine'
      Same-track tags (92): ['8.8.0-alpine', '8.8-alpine', '8.6.4-alpine', '8.6-alpine', '8.4.4-alpine', '8.4-alpine', '8.2.7-alpine', '8.2-alpine']
      Highest: 8.8.0-alpine (parsed as (8, 8, 0))
    [!] UPDATE: 7.4-alpine -> 8.8.0-alpine

[?] CHECK rabbitmq: rabbitmq:3.13-management
    Repo: library/rabbitmq
    Fetched 499 tags
      Current: '3.13-management' -> ver='3.13', suffix='-management'
      Same-track tags (82): ['4.3.2-management', '4.3-management', '4-management', '4.2.8-management', '4.2-management', '4.2.7-management', '4.1.8-management', '4.1-management']
      Highest: 4.3.2-management (parsed as (4, 3, 2))
    [!] UPDATE: 3.13-management -> 4.3.2-management

[?] CHECK minio: minio/minio:RELEASE.2025-09-07T16-13-09Z
    Repo: minio/minio
    Fetched 498 tags
      Current: 'RELEASE.2025-09-07T16-13-09Z' -> ver='RELEASE.2025-09-07T16-13-09Z', suffix=''
      Same-track tags (494): ['RELEASE.2025-09-07T16-13-09Z-cpuv1', 'RELEASE.2025-09-07T16-13-09Z', 'latest-cicd', 'RELEASE.2025-07-23T15-54-02Z-cpuv1', 'RELEASE.2025-07-23T15-54-02Z', 'RELEASE.2025-07-18T21-56-31Z-cpuv1', 'RELEASE.2025-07-18T21-56-31Z', 'RELEASE.2025-06-13T11-33-47Z-cpuv1']
        Skipped 'RELEASE.2025-09-07T16-13-09Z-cpuv1' (can't parse 'RELEASE.2025-09-07T16-13-09Z-cpuv1')
        Skipped 'RELEASE.2025-09-07T16-13-09Z' (can't parse 'RELEASE.2025-09-07T16-13-09Z')
        Skipped 'latest-cicd' (can't parse 'latest-cicd')
        Skipped 'RELEASE.2025-07-23T15-54-02Z-cpuv1' (can't parse 'RELEASE.2025-07-23T15-54-02Z-cpuv1')
        Skipped 'RELEASE.2025-07-23T15-54-02Z' (can't parse 'RELEASE.2025-07-23T15-54-02Z')
        Skipped 'RELEASE.2025-07-18T21-56-31Z-cpuv1' (can't parse 'RELEASE.2025-07-18T21-56-31Z-cpuv1')
        Skipped 'RELEASE.2025-07-18T21-56-31Z' (can't parse 'RELEASE.2025-07-18T21-56-31Z')
        Skipped 'RELEASE.2025-06-13T11-33-47Z-cpuv1' (can't parse 'RELEASE.2025-06-13T11-33-47Z-cpuv1')
        Skipped 'RELEASE.2025-06-13T11-33-47Z' (can't parse 'RELEASE.2025-06-13T11-33-47Z')
        Skipped 'RELEASE.2025-05-24T17-08-30Z-cpuv1' (can't parse 'RELEASE.2025-05-24T17-08-30Z-cpuv1')
        Skipped 'RELEASE.2025-05-24T17-08-30Z' (can't parse 'RELEASE.2025-05-24T17-08-30Z')
        Skipped 'RELEASE.2025-04-22T22-12-26Z-cpuv1' (can't parse 'RELEASE.2025-04-22T22-12-26Z-cpuv1')
        Skipped 'RELEASE.2025-04-22T22-12-26Z' (can't parse 'RELEASE.2025-04-22T22-12-26Z')
        Skipped 'RELEASE.2025-04-08T15-41-24Z-cpuv1' (can't parse 'RELEASE.2025-04-08T15-41-24Z-cpuv1')
        Skipped 'RELEASE.2025-04-08T15-41-24Z' (can't parse 'RELEASE.2025-04-08T15-41-24Z')
        Skipped 'RELEASE.2023-12-02T10-51-33Z.hotfix.d45db9b16' (can't parse 'RELEASE.2023-12-02T10-51-33Z.hotfix.d45db9b16')
        Skipped 'RELEASE.2025-04-03T14-56-28Z-cpuv1' (can't parse 'RELEASE.2025-04-03T14-56-28Z-cpuv1')
        Skipped 'RELEASE.2025-04-03T14-56-28Z' (can't parse 'RELEASE.2025-04-03T14-56-28Z')
        Skipped 'RELEASE.2025-03-12T18-04-18Z-cpuv1' (can't parse 'RELEASE.2025-03-12T18-04-18Z-cpuv1')
        Skipped 'RELEASE.2025-03-12T18-04-18Z' (can't parse 'RELEASE.2025-03-12T18-04-18Z')
        Skipped 'RELEASE.2025-02-28T09-55-16Z' (can't parse 'RELEASE.2025-02-28T09-55-16Z')
        Skipped 'RELEASE.2025-02-28T09-55-16Z-cpuv1' (can't parse 'RELEASE.2025-02-28T09-55-16Z-cpuv1')
        Skipped 'RELEASE.2025-02-18T16-25-55Z-cpuv1' (can't parse 'RELEASE.2025-02-18T16-25-55Z-cpuv1')
        Skipped 'RELEASE.2025-02-18T16-25-55Z' (can't parse 'RELEASE.2025-02-18T16-25-55Z')
        Skipped 'RELEASE.2025-02-07T23-21-09Z-cpuv1' (can't parse 'RELEASE.2025-02-07T23-21-09Z-cpuv1')
        Skipped 'RELEASE.2025-02-07T23-21-09Z' (can't parse 'RELEASE.2025-02-07T23-21-09Z')
        Skipped 'RELEASE.2025-02-03T21-03-04Z-cpuv1' (can't parse 'RELEASE.2025-02-03T21-03-04Z-cpuv1')
        Skipped 'RELEASE.2025-02-03T21-03-04Z' (can't parse 'RELEASE.2025-02-03T21-03-04Z')
        Skipped 'RELEASE.2025-01-20T14-49-07Z-cpuv1' (can't parse 'RELEASE.2025-01-20T14-49-07Z-cpuv1')
        Skipped 'RELEASE.2025-01-20T14-49-07Z' (can't parse 'RELEASE.2025-01-20T14-49-07Z')
        Skipped 'RELEASE.2025-01-18T00-31-37Z-cpuv1' (can't parse 'RELEASE.2025-01-18T00-31-37Z-cpuv1')
        Skipped 'RELEASE.2025-01-18T00-31-37Z' (can't parse 'RELEASE.2025-01-18T00-31-37Z')
        Skipped 'RELEASE.2024-12-18T13-15-44Z.fips' (can't parse 'RELEASE.2024-12-18T13-15-44Z.fips')
        Skipped 'RELEASE.2024-12-18T13-15-44Z-cpuv1' (can't parse 'RELEASE.2024-12-18T13-15-44Z-cpuv1')
        Skipped 'RELEASE.2024-12-18T13-15-44Z' (can't parse 'RELEASE.2024-12-18T13-15-44Z')
        Skipped 'RELEASE.2024-12-13T22-19-12Z.fips' (can't parse 'RELEASE.2024-12-13T22-19-12Z.fips')
        Skipped 'RELEASE.2024-12-13T22-19-12Z-cpuv1' (can't parse 'RELEASE.2024-12-13T22-19-12Z-cpuv1')
        Skipped 'RELEASE.2024-12-13T22-19-12Z' (can't parse 'RELEASE.2024-12-13T22-19-12Z')
        Skipped 'RELEASE.2024-11-07T00-52-20Z.fips' (can't parse 'RELEASE.2024-11-07T00-52-20Z.fips')
        Skipped 'RELEASE.2024-11-07T00-52-20Z-cpuv1' (can't parse 'RELEASE.2024-11-07T00-52-20Z-cpuv1')
        Skipped 'RELEASE.2024-11-07T00-52-20Z' (can't parse 'RELEASE.2024-11-07T00-52-20Z')
        Skipped 'RELEASE.2024-10-29T16-01-48Z.fips' (can't parse 'RELEASE.2024-10-29T16-01-48Z.fips')
        Skipped 'RELEASE.2024-10-29T16-01-48Z-cpuv1' (can't parse 'RELEASE.2024-10-29T16-01-48Z-cpuv1')
        Skipped 'RELEASE.2024-10-29T16-01-48Z' (can't parse 'RELEASE.2024-10-29T16-01-48Z')
        Skipped 'RELEASE.2024-10-13T13-34-11Z.fips' (can't parse 'RELEASE.2024-10-13T13-34-11Z.fips')
        Skipped 'RELEASE.2024-10-13T13-34-11Z-cpuv1' (can't parse 'RELEASE.2024-10-13T13-34-11Z-cpuv1')
        Skipped 'RELEASE.2024-10-13T13-34-11Z' (can't parse 'RELEASE.2024-10-13T13-34-11Z')
        Skipped 'RELEASE.2024-10-02T17-50-41Z.fips' (can't parse 'RELEASE.2024-10-02T17-50-41Z.fips')
        Skipped 'RELEASE.2024-10-02T17-50-41Z-cpuv1' (can't parse 'RELEASE.2024-10-02T17-50-41Z-cpuv1')
        Skipped 'RELEASE.2024-10-02T17-50-41Z' (can't parse 'RELEASE.2024-10-02T17-50-41Z')
        Skipped 'RELEASE.2024-09-22T00-33-43Z.fips' (can't parse 'RELEASE.2024-09-22T00-33-43Z.fips')
        Skipped 'RELEASE.2024-09-22T00-33-43Z-cpuv1' (can't parse 'RELEASE.2024-09-22T00-33-43Z-cpuv1')
        Skipped 'RELEASE.2024-09-22T00-33-43Z' (can't parse 'RELEASE.2024-09-22T00-33-43Z')
        Skipped 'RELEASE.2024-09-13T20-26-02Z.fips' (can't parse 'RELEASE.2024-09-13T20-26-02Z.fips')
        Skipped 'RELEASE.2024-09-13T20-26-02Z-cpuv1' (can't parse 'RELEASE.2024-09-13T20-26-02Z-cpuv1')
        Skipped 'RELEASE.2024-09-13T20-26-02Z' (can't parse 'RELEASE.2024-09-13T20-26-02Z')
        Skipped 'RELEASE.2024-09-09T16-59-28Z.fips' (can't parse 'RELEASE.2024-09-09T16-59-28Z.fips')
        Skipped 'RELEASE.2024-09-09T16-59-28Z-cpuv1' (can't parse 'RELEASE.2024-09-09T16-59-28Z-cpuv1')
        Skipped 'RELEASE.2024-09-09T16-59-28Z' (can't parse 'RELEASE.2024-09-09T16-59-28Z')
        Skipped 'RELEASE.2024-08-29T01-40-52Z.fips' (can't parse 'RELEASE.2024-08-29T01-40-52Z.fips')
        Skipped 'RELEASE.2024-08-29T01-40-52Z-cpuv1' (can't parse 'RELEASE.2024-08-29T01-40-52Z-cpuv1')
        Skipped 'RELEASE.2024-08-29T01-40-52Z' (can't parse 'RELEASE.2024-08-29T01-40-52Z')
        Skipped 'RELEASE.2024-08-26T15-33-07Z.fips' (can't parse 'RELEASE.2024-08-26T15-33-07Z.fips')
        Skipped 'RELEASE.2024-08-26T15-33-07Z-cpuv1' (can't parse 'RELEASE.2024-08-26T15-33-07Z-cpuv1')
        Skipped 'RELEASE.2024-08-26T15-33-07Z' (can't parse 'RELEASE.2024-08-26T15-33-07Z')
        Skipped 'RELEASE.2024-08-17T01-24-54Z.fips' (can't parse 'RELEASE.2024-08-17T01-24-54Z.fips')
        Skipped 'RELEASE.2024-08-17T01-24-54Z-cpuv1' (can't parse 'RELEASE.2024-08-17T01-24-54Z-cpuv1')
        Skipped 'RELEASE.2024-08-17T01-24-54Z' (can't parse 'RELEASE.2024-08-17T01-24-54Z')
        Skipped 'RELEASE.2024-08-03T04-33-23Z.fips' (can't parse 'RELEASE.2024-08-03T04-33-23Z.fips')
        Skipped 'RELEASE.2024-08-03T04-33-23Z-cpuv1' (can't parse 'RELEASE.2024-08-03T04-33-23Z-cpuv1')
        Skipped 'RELEASE.2024-08-03T04-33-23Z' (can't parse 'RELEASE.2024-08-03T04-33-23Z')
        Skipped 'RELEASE.2024-07-31T05-46-26Z.fips' (can't parse 'RELEASE.2024-07-31T05-46-26Z.fips')
        Skipped 'RELEASE.2024-07-31T05-46-26Z-cpuv1' (can't parse 'RELEASE.2024-07-31T05-46-26Z-cpuv1')
        Skipped 'RELEASE.2024-07-31T05-46-26Z' (can't parse 'RELEASE.2024-07-31T05-46-26Z')
        Skipped 'RELEASE.2024-07-29T22-14-52Z.fips' (can't parse 'RELEASE.2024-07-29T22-14-52Z.fips')
        Skipped 'RELEASE.2024-07-29T22-14-52Z-cpuv1' (can't parse 'RELEASE.2024-07-29T22-14-52Z-cpuv1')
        Skipped 'RELEASE.2024-07-29T22-14-52Z' (can't parse 'RELEASE.2024-07-29T22-14-52Z')
        Skipped 'RELEASE.2024-07-26T20-48-21Z.fips' (can't parse 'RELEASE.2024-07-26T20-48-21Z.fips')
        Skipped 'RELEASE.2024-07-26T20-48-21Z-cpuv1' (can't parse 'RELEASE.2024-07-26T20-48-21Z-cpuv1')
        Skipped 'RELEASE.2024-07-26T20-48-21Z' (can't parse 'RELEASE.2024-07-26T20-48-21Z')
        Skipped 'RELEASE.2024-07-16T23-46-41Z.fips' (can't parse 'RELEASE.2024-07-16T23-46-41Z.fips')
        Skipped 'RELEASE.2024-07-16T23-46-41Z-cpuv1' (can't parse 'RELEASE.2024-07-16T23-46-41Z-cpuv1')
        Skipped 'RELEASE.2024-07-16T23-46-41Z' (can't parse 'RELEASE.2024-07-16T23-46-41Z')
        Skipped 'RELEASE.2024-07-15T19-02-30Z.fips' (can't parse 'RELEASE.2024-07-15T19-02-30Z.fips')
        Skipped 'RELEASE.2024-07-15T19-02-30Z-cpuv1' (can't parse 'RELEASE.2024-07-15T19-02-30Z-cpuv1')
        Skipped 'RELEASE.2024-07-15T19-02-30Z' (can't parse 'RELEASE.2024-07-15T19-02-30Z')
        Skipped 'RELEASE.2024-07-13T01-46-15Z.fips' (can't parse 'RELEASE.2024-07-13T01-46-15Z.fips')
        Skipped 'RELEASE.2024-07-13T01-46-15Z-cpuv1' (can't parse 'RELEASE.2024-07-13T01-46-15Z-cpuv1')
        Skipped 'RELEASE.2024-07-13T01-46-15Z' (can't parse 'RELEASE.2024-07-13T01-46-15Z')
        Skipped 'RELEASE.2024-07-10T18-41-49Z.fips' (can't parse 'RELEASE.2024-07-10T18-41-49Z.fips')
        Skipped 'RELEASE.2024-07-10T18-41-49Z-cpuv1' (can't parse 'RELEASE.2024-07-10T18-41-49Z-cpuv1')
        Skipped 'RELEASE.2024-07-10T18-41-49Z' (can't parse 'RELEASE.2024-07-10T18-41-49Z')
        Skipped 'RELEASE.2024-07-04T14-25-45Z.fips' (can't parse 'RELEASE.2024-07-04T14-25-45Z.fips')
        Skipped 'RELEASE.2024-07-04T14-25-45Z-cpuv1' (can't parse 'RELEASE.2024-07-04T14-25-45Z-cpuv1')
        Skipped 'RELEASE.2024-07-04T14-25-45Z' (can't parse 'RELEASE.2024-07-04T14-25-45Z')
        Skipped 'RELEASE.2024-06-29T01-20-47Z.fips' (can't parse 'RELEASE.2024-06-29T01-20-47Z.fips')
        Skipped 'RELEASE.2024-06-29T01-20-47Z-cpuv1' (can't parse 'RELEASE.2024-06-29T01-20-47Z-cpuv1')
        Skipped 'RELEASE.2024-06-29T01-20-47Z' (can't parse 'RELEASE.2024-06-29T01-20-47Z')
        Skipped 'RELEASE.2024-06-28T09-06-49Z.fips' (can't parse 'RELEASE.2024-06-28T09-06-49Z.fips')
        Skipped 'RELEASE.2024-06-28T09-06-49Z-cpuv1' (can't parse 'RELEASE.2024-06-28T09-06-49Z-cpuv1')
        Skipped 'RELEASE.2024-06-28T09-06-49Z' (can't parse 'RELEASE.2024-06-28T09-06-49Z')
        Skipped 'RELEASE.2024-01-05T22-17-24Z.hotfix.2dbffe103' (can't parse 'RELEASE.2024-01-05T22-17-24Z.hotfix.2dbffe103')
        Skipped 'RELEASE.2024-06-26T01-06-18Z.fips' (can't parse 'RELEASE.2024-06-26T01-06-18Z.fips')
        Skipped 'RELEASE.2024-06-26T01-06-18Z-cpuv1' (can't parse 'RELEASE.2024-06-26T01-06-18Z-cpuv1')
        Skipped 'RELEASE.2024-06-26T01-06-18Z' (can't parse 'RELEASE.2024-06-26T01-06-18Z')
        Skipped 'RELEASE.2024-06-22T05-26-45Z.fips' (can't parse 'RELEASE.2024-06-22T05-26-45Z.fips')
        Skipped 'RELEASE.2024-06-22T05-26-45Z-cpuv1' (can't parse 'RELEASE.2024-06-22T05-26-45Z-cpuv1')
        Skipped 'RELEASE.2024-06-22T05-26-45Z' (can't parse 'RELEASE.2024-06-22T05-26-45Z')
        Skipped 'RELEASE.2024-06-13T22-53-53Z.fips' (can't parse 'RELEASE.2024-06-13T22-53-53Z.fips')
        Skipped 'RELEASE.2024-06-13T22-53-53Z-cpuv1' (can't parse 'RELEASE.2024-06-13T22-53-53Z-cpuv1')
        Skipped 'RELEASE.2024-06-13T22-53-53Z' (can't parse 'RELEASE.2024-06-13T22-53-53Z')
        Skipped 'RELEASE.2024-06-11T03-13-30Z.fips' (can't parse 'RELEASE.2024-06-11T03-13-30Z.fips')
        Skipped 'RELEASE.2024-06-11T03-13-30Z-cpuv1' (can't parse 'RELEASE.2024-06-11T03-13-30Z-cpuv1')
        Skipped 'RELEASE.2024-06-11T03-13-30Z' (can't parse 'RELEASE.2024-06-11T03-13-30Z')
        Skipped 'RELEASE.2024-06-06T09-36-42Z.fips' (can't parse 'RELEASE.2024-06-06T09-36-42Z.fips')
        Skipped 'RELEASE.2024-06-06T09-36-42Z-cpuv1' (can't parse 'RELEASE.2024-06-06T09-36-42Z-cpuv1')
        Skipped 'RELEASE.2024-06-06T09-36-42Z' (can't parse 'RELEASE.2024-06-06T09-36-42Z')
        Skipped 'RELEASE.2024-06-04T19-20-08Z.fips' (can't parse 'RELEASE.2024-06-04T19-20-08Z.fips')
        Skipped 'RELEASE.2024-06-04T19-20-08Z-cpuv1' (can't parse 'RELEASE.2024-06-04T19-20-08Z-cpuv1')
        Skipped 'RELEASE.2024-06-04T19-20-08Z' (can't parse 'RELEASE.2024-06-04T19-20-08Z')
        Skipped 'RELEASE.2024-05-28T17-19-04Z.fips' (can't parse 'RELEASE.2024-05-28T17-19-04Z.fips')
        Skipped 'RELEASE.2024-05-28T17-19-04Z-cpuv1' (can't parse 'RELEASE.2024-05-28T17-19-04Z-cpuv1')
        Skipped 'RELEASE.2024-05-28T17-19-04Z' (can't parse 'RELEASE.2024-05-28T17-19-04Z')
        Skipped 'RELEASE.2024-05-27T19-17-46Z.fips' (can't parse 'RELEASE.2024-05-27T19-17-46Z.fips')
        Skipped 'RELEASE.2024-05-27T19-17-46Z-cpuv1' (can't parse 'RELEASE.2024-05-27T19-17-46Z-cpuv1')
        Skipped 'RELEASE.2024-05-27T19-17-46Z' (can't parse 'RELEASE.2024-05-27T19-17-46Z')
        Skipped 'RELEASE.2022-11-29T23-40-49Z.hotfix.5e92f3675' (can't parse 'RELEASE.2022-11-29T23-40-49Z.hotfix.5e92f3675')
        Skipped 'RELEASE.2024-05-10T01-41-38Z.fips' (can't parse 'RELEASE.2024-05-10T01-41-38Z.fips')
        Skipped 'RELEASE.2024-05-10T01-41-38Z-cpuv1' (can't parse 'RELEASE.2024-05-10T01-41-38Z-cpuv1')
        Skipped 'RELEASE.2024-05-10T01-41-38Z' (can't parse 'RELEASE.2024-05-10T01-41-38Z')
        Skipped 'RELEASE.2024-05-07T06-41-25Z.fips' (can't parse 'RELEASE.2024-05-07T06-41-25Z.fips')
        Skipped 'RELEASE.2024-05-07T06-41-25Z-cpuv1' (can't parse 'RELEASE.2024-05-07T06-41-25Z-cpuv1')
        Skipped 'RELEASE.2024-05-07T06-41-25Z' (can't parse 'RELEASE.2024-05-07T06-41-25Z')
        Skipped 'RELEASE.2024-05-01T01-11-10Z.fips' (can't parse 'RELEASE.2024-05-01T01-11-10Z.fips')
        Skipped 'RELEASE.2024-05-01T01-11-10Z-cpuv1' (can't parse 'RELEASE.2024-05-01T01-11-10Z-cpuv1')
        Skipped 'RELEASE.2024-05-01T01-11-10Z' (can't parse 'RELEASE.2024-05-01T01-11-10Z')
        Skipped 'RELEASE.2024-04-28T17-53-50Z.fips' (can't parse 'RELEASE.2024-04-28T17-53-50Z.fips')
        Skipped 'RELEASE.2024-04-28T17-53-50Z-cpuv1' (can't parse 'RELEASE.2024-04-28T17-53-50Z-cpuv1')
        Skipped 'RELEASE.2024-04-28T17-53-50Z' (can't parse 'RELEASE.2024-04-28T17-53-50Z')
        Skipped 'RELEASE.2024-04-18T19-09-19Z.fips' (can't parse 'RELEASE.2024-04-18T19-09-19Z.fips')
        Skipped 'RELEASE.2024-04-18T19-09-19Z-cpuv1' (can't parse 'RELEASE.2024-04-18T19-09-19Z-cpuv1')
        Skipped 'RELEASE.2024-04-18T19-09-19Z' (can't parse 'RELEASE.2024-04-18T19-09-19Z')
        Skipped 'RELEASE.2024-04-06T05-26-02Z.fips' (can't parse 'RELEASE.2024-04-06T05-26-02Z.fips')
        Skipped 'RELEASE.2024-04-06T05-26-02Z-cpuv1' (can't parse 'RELEASE.2024-04-06T05-26-02Z-cpuv1')
        Skipped 'RELEASE.2024-04-06T05-26-02Z' (can't parse 'RELEASE.2024-04-06T05-26-02Z')
        Skipped 'RELEASE.2023-10-24T04-42-36Z.hotfix.ac09270ec' (can't parse 'RELEASE.2023-10-24T04-42-36Z.hotfix.ac09270ec')
        Skipped 'RELEASE.2024-03-30T09-41-56Z.fips' (can't parse 'RELEASE.2024-03-30T09-41-56Z.fips')
        Skipped 'RELEASE.2024-03-30T09-41-56Z-cpuv1' (can't parse 'RELEASE.2024-03-30T09-41-56Z-cpuv1')
        Skipped 'RELEASE.2024-03-30T09-41-56Z' (can't parse 'RELEASE.2024-03-30T09-41-56Z')
        Skipped 'RELEASE.2023-10-24T04-42-36Z.hotfix.0c51d76bb' (can't parse 'RELEASE.2023-10-24T04-42-36Z.hotfix.0c51d76bb')
        Skipped 'RELEASE.2024-03-26T22-10-45Z.fips' (can't parse 'RELEASE.2024-03-26T22-10-45Z.fips')
        Skipped 'RELEASE.2024-03-26T22-10-45Z-cpuv1' (can't parse 'RELEASE.2024-03-26T22-10-45Z-cpuv1')
        Skipped 'RELEASE.2024-03-26T22-10-45Z' (can't parse 'RELEASE.2024-03-26T22-10-45Z')
        Skipped 'RELEASE.2024-03-21T23-13-43Z.fips' (can't parse 'RELEASE.2024-03-21T23-13-43Z.fips')
        Skipped 'RELEASE.2024-03-21T23-13-43Z-cpuv1' (can't parse 'RELEASE.2024-03-21T23-13-43Z-cpuv1')
        Skipped 'RELEASE.2024-03-21T23-13-43Z' (can't parse 'RELEASE.2024-03-21T23-13-43Z')
        Skipped 'RELEASE.2024-03-15T01-07-19Z.fips' (can't parse 'RELEASE.2024-03-15T01-07-19Z.fips')
        Skipped 'RELEASE.2024-03-15T01-07-19Z-cpuv1' (can't parse 'RELEASE.2024-03-15T01-07-19Z-cpuv1')
        Skipped 'RELEASE.2024-03-15T01-07-19Z' (can't parse 'RELEASE.2024-03-15T01-07-19Z')
        Skipped 'RELEASE.2023-10-24T04-42-36Z.hotfix.793d9ee53' (can't parse 'RELEASE.2023-10-24T04-42-36Z.hotfix.793d9ee53')
        Skipped 'RELEASE.2024-03-10T02-53-48Z.fips' (can't parse 'RELEASE.2024-03-10T02-53-48Z.fips')
        Skipped 'RELEASE.2024-03-10T02-53-48Z-cpuv1' (can't parse 'RELEASE.2024-03-10T02-53-48Z-cpuv1')
        Skipped 'RELEASE.2024-03-10T02-53-48Z' (can't parse 'RELEASE.2024-03-10T02-53-48Z')
        Skipped 'RELEASE.2024-03-07T00-43-48Z.fips' (can't parse 'RELEASE.2024-03-07T00-43-48Z.fips')
        Skipped 'RELEASE.2024-03-07T00-43-48Z-cpuv1' (can't parse 'RELEASE.2024-03-07T00-43-48Z-cpuv1')
        Skipped 'RELEASE.2024-03-07T00-43-48Z' (can't parse 'RELEASE.2024-03-07T00-43-48Z')
        Skipped 'RELEASE.2023-08-16T20-17-30Z.hotfix.d067be232' (can't parse 'RELEASE.2023-08-16T20-17-30Z.hotfix.d067be232')
        Skipped 'RELEASE.2024-03-05T04-48-44Z.fips' (can't parse 'RELEASE.2024-03-05T04-48-44Z.fips')
        Skipped 'RELEASE.2024-03-05T04-48-44Z-cpuv1' (can't parse 'RELEASE.2024-03-05T04-48-44Z-cpuv1')
        Skipped 'RELEASE.2024-03-05T04-48-44Z' (can't parse 'RELEASE.2024-03-05T04-48-44Z')
        Skipped 'RELEASE.2024-03-03T17-50-39Z.fips' (can't parse 'RELEASE.2024-03-03T17-50-39Z.fips')
        Skipped 'RELEASE.2024-03-03T17-50-39Z-cpuv1' (can't parse 'RELEASE.2024-03-03T17-50-39Z-cpuv1')
        Skipped 'RELEASE.2024-03-03T17-50-39Z' (can't parse 'RELEASE.2024-03-03T17-50-39Z')
        Skipped 'RELEASE.2024-02-26T09-33-48Z.fips' (can't parse 'RELEASE.2024-02-26T09-33-48Z.fips')
        Skipped 'RELEASE.2024-02-26T09-33-48Z-cpuv1' (can't parse 'RELEASE.2024-02-26T09-33-48Z-cpuv1')
        Skipped 'RELEASE.2024-02-26T09-33-48Z' (can't parse 'RELEASE.2024-02-26T09-33-48Z')
        Skipped 'RELEASE.2024-02-24T17-11-14Z.fips' (can't parse 'RELEASE.2024-02-24T17-11-14Z.fips')
        Skipped 'RELEASE.2024-02-24T17-11-14Z-cpuv1' (can't parse 'RELEASE.2024-02-24T17-11-14Z-cpuv1')
        Skipped 'RELEASE.2024-02-24T17-11-14Z' (can't parse 'RELEASE.2024-02-24T17-11-14Z')
        Skipped 'RELEASE.2024-02-17T01-15-57Z.fips' (can't parse 'RELEASE.2024-02-17T01-15-57Z.fips')
        Skipped 'RELEASE.2024-02-17T01-15-57Z-cpuv1' (can't parse 'RELEASE.2024-02-17T01-15-57Z-cpuv1')
        Skipped 'RELEASE.2024-02-17T01-15-57Z' (can't parse 'RELEASE.2024-02-17T01-15-57Z')
        Skipped 'RELEASE.2024-02-14T21-36-02Z.fips' (can't parse 'RELEASE.2024-02-14T21-36-02Z.fips')
        Skipped 'RELEASE.2024-02-14T21-36-02Z-cpuv1' (can't parse 'RELEASE.2024-02-14T21-36-02Z-cpuv1')
        Skipped 'RELEASE.2024-02-14T21-36-02Z' (can't parse 'RELEASE.2024-02-14T21-36-02Z')
        Skipped 'RELEASE.2023-10-24T04-42-36Z.fips' (can't parse 'RELEASE.2023-10-24T04-42-36Z.fips')
        Skipped 'RELEASE.2023-10-24T04-42-36Z' (can't parse 'RELEASE.2023-10-24T04-42-36Z')
        Skipped 'RELEASE.2023-09-20T22-49-55Z.hotfix.04ec67161' (can't parse 'RELEASE.2023-09-20T22-49-55Z.hotfix.04ec67161')
        Skipped 'RELEASE.2024-02-13T15-35-11Z.fips' (can't parse 'RELEASE.2024-02-13T15-35-11Z.fips')
        Skipped 'RELEASE.2024-02-13T15-35-11Z-cpuv1' (can't parse 'RELEASE.2024-02-13T15-35-11Z-cpuv1')
        Skipped 'RELEASE.2024-02-13T15-35-11Z' (can't parse 'RELEASE.2024-02-13T15-35-11Z')
        Skipped 'RELEASE.2024-02-12T21-02-27Z.fips' (can't parse 'RELEASE.2024-02-12T21-02-27Z.fips')
        Skipped 'RELEASE.2024-02-12T21-02-27Z-cpuv1' (can't parse 'RELEASE.2024-02-12T21-02-27Z-cpuv1')
        Skipped 'RELEASE.2024-02-12T21-02-27Z' (can't parse 'RELEASE.2024-02-12T21-02-27Z')
        Skipped 'RELEASE.2024-02-09T21-25-16Z.fips' (can't parse 'RELEASE.2024-02-09T21-25-16Z.fips')
        Skipped 'RELEASE.2024-02-09T21-25-16Z-cpuv1' (can't parse 'RELEASE.2024-02-09T21-25-16Z-cpuv1')
        Skipped 'RELEASE.2024-02-09T21-25-16Z' (can't parse 'RELEASE.2024-02-09T21-25-16Z')
        Skipped 'RELEASE.2024-02-06T21-36-22Z.fips' (can't parse 'RELEASE.2024-02-06T21-36-22Z.fips')
        Skipped 'RELEASE.2024-02-06T21-36-22Z-cpuv1' (can't parse 'RELEASE.2024-02-06T21-36-22Z-cpuv1')
        Skipped 'RELEASE.2024-02-06T21-36-22Z' (can't parse 'RELEASE.2024-02-06T21-36-22Z')
        Skipped 'RELEASE.2024-02-04T22-36-13Z.hotfix.c40028f8f' (can't parse 'RELEASE.2024-02-04T22-36-13Z.hotfix.c40028f8f')
        Skipped 'RELEASE.2024-02-04T22-36-13Z.fips' (can't parse 'RELEASE.2024-02-04T22-36-13Z.fips')
        Skipped 'RELEASE.2024-02-04T22-36-13Z-cpuv1' (can't parse 'RELEASE.2024-02-04T22-36-13Z-cpuv1')
        Skipped 'RELEASE.2024-02-04T22-36-13Z' (can't parse 'RELEASE.2024-02-04T22-36-13Z')
        Skipped 'RELEASE.2024-01-31T20-20-33Z.fips' (can't parse 'RELEASE.2024-01-31T20-20-33Z.fips')
        Skipped 'RELEASE.2024-01-31T20-20-33Z-cpuv1' (can't parse 'RELEASE.2024-01-31T20-20-33Z-cpuv1')
        Skipped 'RELEASE.2024-01-31T20-20-33Z' (can't parse 'RELEASE.2024-01-31T20-20-33Z')
        Skipped 'RELEASE.2024-01-29T03-56-32Z.fips' (can't parse 'RELEASE.2024-01-29T03-56-32Z.fips')
        Skipped 'RELEASE.2024-01-29T03-56-32Z-cpuv1' (can't parse 'RELEASE.2024-01-29T03-56-32Z-cpuv1')
        Skipped 'RELEASE.2024-01-29T03-56-32Z' (can't parse 'RELEASE.2024-01-29T03-56-32Z')
        Skipped 'RELEASE.2024-01-28T22-35-53Z.fips' (can't parse 'RELEASE.2024-01-28T22-35-53Z.fips')
        Skipped 'RELEASE.2024-01-28T22-35-53Z-cpuv1' (can't parse 'RELEASE.2024-01-28T22-35-53Z-cpuv1')
        Skipped 'RELEASE.2024-01-28T22-35-53Z' (can't parse 'RELEASE.2024-01-28T22-35-53Z')
        Skipped 'RELEASE.2023-08-16T20-17-30Z.hotfix.a51234923' (can't parse 'RELEASE.2023-08-16T20-17-30Z.hotfix.a51234923')
        Skipped 'RELEASE.2024-01-18T22-51-28Z.fips' (can't parse 'RELEASE.2024-01-18T22-51-28Z.fips')
        Skipped 'RELEASE.2024-01-18T22-51-28Z-cpuv1' (can't parse 'RELEASE.2024-01-18T22-51-28Z-cpuv1')
        Skipped 'RELEASE.2024-01-18T22-51-28Z' (can't parse 'RELEASE.2024-01-18T22-51-28Z')
        Skipped 'RELEASE.2024-01-16T16-07-38Z.fips' (can't parse 'RELEASE.2024-01-16T16-07-38Z.fips')
        Skipped 'RELEASE.2024-01-16T16-07-38Z-cpuv1' (can't parse 'RELEASE.2024-01-16T16-07-38Z-cpuv1')
        Skipped 'RELEASE.2024-01-16T16-07-38Z' (can't parse 'RELEASE.2024-01-16T16-07-38Z')
        Skipped 'RELEASE.2024-01-13T07-53-03Z.fips' (can't parse 'RELEASE.2024-01-13T07-53-03Z.fips')
        Skipped 'RELEASE.2024-01-13T07-53-03Z-cpuv1' (can't parse 'RELEASE.2024-01-13T07-53-03Z-cpuv1')
        Skipped 'RELEASE.2024-01-13T07-53-03Z' (can't parse 'RELEASE.2024-01-13T07-53-03Z')
        Skipped 'RELEASE.2024-01-11T07-46-16Z.fips' (can't parse 'RELEASE.2024-01-11T07-46-16Z.fips')
        Skipped 'RELEASE.2024-01-11T07-46-16Z-cpuv1' (can't parse 'RELEASE.2024-01-11T07-46-16Z-cpuv1')
        Skipped 'RELEASE.2024-01-11T07-46-16Z' (can't parse 'RELEASE.2024-01-11T07-46-16Z')
        Skipped 'RELEASE.2024-01-05T22-17-24Z.fips' (can't parse 'RELEASE.2024-01-05T22-17-24Z.fips')
        Skipped 'RELEASE.2024-01-05T22-17-24Z-cpuv1' (can't parse 'RELEASE.2024-01-05T22-17-24Z-cpuv1')
        Skipped 'RELEASE.2024-01-05T22-17-24Z' (can't parse 'RELEASE.2024-01-05T22-17-24Z')
        Skipped 'RELEASE.2024-01-01T16-36-33Z.fips' (can't parse 'RELEASE.2024-01-01T16-36-33Z.fips')
        Skipped 'RELEASE.2024-01-01T16-36-33Z-cpuv1' (can't parse 'RELEASE.2024-01-01T16-36-33Z-cpuv1')
        Skipped 'RELEASE.2024-01-01T16-36-33Z' (can't parse 'RELEASE.2024-01-01T16-36-33Z')
        Skipped 'RELEASE.2023-12-23T07-19-11Z.fips' (can't parse 'RELEASE.2023-12-23T07-19-11Z.fips')
        Skipped 'RELEASE.2023-12-23T07-19-11Z-cpuv1' (can't parse 'RELEASE.2023-12-23T07-19-11Z-cpuv1')
        Skipped 'RELEASE.2023-12-23T07-19-11Z' (can't parse 'RELEASE.2023-12-23T07-19-11Z')
        Skipped 'RELEASE.2023-12-20T01-00-02Z.fips' (can't parse 'RELEASE.2023-12-20T01-00-02Z.fips')
        Skipped 'RELEASE.2023-12-20T01-00-02Z-cpuv1' (can't parse 'RELEASE.2023-12-20T01-00-02Z-cpuv1')
        Skipped 'RELEASE.2023-12-20T01-00-02Z' (can't parse 'RELEASE.2023-12-20T01-00-02Z')
        Skipped 'RELEASE.2023-12-14T18-51-57Z.fips' (can't parse 'RELEASE.2023-12-14T18-51-57Z.fips')
        Skipped 'RELEASE.2023-12-14T18-51-57Z-cpuv1' (can't parse 'RELEASE.2023-12-14T18-51-57Z-cpuv1')
        Skipped 'RELEASE.2023-12-14T18-51-57Z' (can't parse 'RELEASE.2023-12-14T18-51-57Z')
        Skipped 'RELEASE.2023-12-13T23-28-55Z.fips' (can't parse 'RELEASE.2023-12-13T23-28-55Z.fips')
        Skipped 'RELEASE.2023-12-13T23-28-55Z-cpuv1' (can't parse 'RELEASE.2023-12-13T23-28-55Z-cpuv1')
        Skipped 'RELEASE.2023-12-13T23-28-55Z' (can't parse 'RELEASE.2023-12-13T23-28-55Z')
        Skipped 'RELEASE.2023-12-09T18-17-51Z.fips' (can't parse 'RELEASE.2023-12-09T18-17-51Z.fips')
        Skipped 'RELEASE.2023-12-09T18-17-51Z-cpuv1' (can't parse 'RELEASE.2023-12-09T18-17-51Z-cpuv1')
        Skipped 'RELEASE.2023-12-09T18-17-51Z' (can't parse 'RELEASE.2023-12-09T18-17-51Z')
        Skipped 'RELEASE.2023-12-07T04-16-00Z.fips' (can't parse 'RELEASE.2023-12-07T04-16-00Z.fips')
        Skipped 'RELEASE.2023-12-07T04-16-00Z-cpuv1' (can't parse 'RELEASE.2023-12-07T04-16-00Z-cpuv1')
        Skipped 'RELEASE.2023-12-07T04-16-00Z' (can't parse 'RELEASE.2023-12-07T04-16-00Z')
        Skipped 'RELEASE.2023-12-06T09-09-22Z.fips' (can't parse 'RELEASE.2023-12-06T09-09-22Z.fips')
        Skipped 'RELEASE.2023-12-06T09-09-22Z-cpuv1' (can't parse 'RELEASE.2023-12-06T09-09-22Z-cpuv1')
        Skipped 'RELEASE.2023-12-06T09-09-22Z' (can't parse 'RELEASE.2023-12-06T09-09-22Z')
        Skipped 'RELEASE.2023-12-02T10-51-33Z.fips' (can't parse 'RELEASE.2023-12-02T10-51-33Z.fips')
        Skipped 'RELEASE.2023-12-02T10-51-33Z-cpuv1' (can't parse 'RELEASE.2023-12-02T10-51-33Z-cpuv1')
        Skipped 'RELEASE.2023-12-02T10-51-33Z' (can't parse 'RELEASE.2023-12-02T10-51-33Z')
        Skipped 'RELEASE.2023-11-20T22-40-07Z.fips' (can't parse 'RELEASE.2023-11-20T22-40-07Z.fips')
        Skipped 'RELEASE.2023-11-20T22-40-07Z-cpuv1' (can't parse 'RELEASE.2023-11-20T22-40-07Z-cpuv1')
        Skipped 'RELEASE.2023-11-20T22-40-07Z' (can't parse 'RELEASE.2023-11-20T22-40-07Z')
        Skipped 'RELEASE.2023-11-15T20-43-25Z.fips' (can't parse 'RELEASE.2023-11-15T20-43-25Z.fips')
        Skipped 'RELEASE.2023-11-15T20-43-25Z-cpuv1' (can't parse 'RELEASE.2023-11-15T20-43-25Z-cpuv1')
        Skipped 'RELEASE.2023-11-15T20-43-25Z' (can't parse 'RELEASE.2023-11-15T20-43-25Z')
        Skipped 'RELEASE.2023-11-11T08-14-41Z.fips' (can't parse 'RELEASE.2023-11-11T08-14-41Z.fips')
        Skipped 'RELEASE.2023-11-11T08-14-41Z-cpuv1' (can't parse 'RELEASE.2023-11-11T08-14-41Z-cpuv1')
        Skipped 'RELEASE.2023-11-11T08-14-41Z' (can't parse 'RELEASE.2023-11-11T08-14-41Z')
        Skipped 'RELEASE.2023-11-10T21-37-17Z.fips' (can't parse 'RELEASE.2023-11-10T21-37-17Z.fips')
        Skipped 'RELEASE.2023-11-10T21-37-17Z-cpuv1' (can't parse 'RELEASE.2023-11-10T21-37-17Z-cpuv1')
        Skipped 'RELEASE.2023-11-06T22-26-08Z.fips' (can't parse 'RELEASE.2023-11-06T22-26-08Z.fips')
        Skipped 'RELEASE.2023-11-06T22-26-08Z-cpuv1' (can't parse 'RELEASE.2023-11-06T22-26-08Z-cpuv1')
        Skipped 'RELEASE.2023-11-06T22-26-08Z' (can't parse 'RELEASE.2023-11-06T22-26-08Z')
        Skipped 'RELEASE.2023-11-06T04-19-23Z.fips' (can't parse 'RELEASE.2023-11-06T04-19-23Z.fips')
        Skipped 'RELEASE.2023-11-06T04-19-23Z-cpuv1' (can't parse 'RELEASE.2023-11-06T04-19-23Z-cpuv1')
        Skipped 'RELEASE.2023-11-01T18-37-25Z.fips' (can't parse 'RELEASE.2023-11-01T18-37-25Z.fips')
        Skipped 'RELEASE.2023-11-01T18-37-25Z-cpuv1' (can't parse 'RELEASE.2023-11-01T18-37-25Z-cpuv1')
        Skipped 'RELEASE.2023-11-01T18-37-25Z' (can't parse 'RELEASE.2023-11-01T18-37-25Z')
        Skipped 'RELEASE.2023-11-01T01-57-10Z.fips' (can't parse 'RELEASE.2023-11-01T01-57-10Z.fips')
        Skipped 'RELEASE.2023-11-01T01-57-10Z-cpuv1' (can't parse 'RELEASE.2023-11-01T01-57-10Z-cpuv1')
        Skipped 'RELEASE.2023-11-01T01-57-10Z' (can't parse 'RELEASE.2023-11-01T01-57-10Z')
        Skipped 'RELEASE.2023-10-30T18-43-32Z.fips' (can't parse 'RELEASE.2023-10-30T18-43-32Z.fips')
        Skipped 'RELEASE.2023-10-24T21-42-22Z.fips' (can't parse 'RELEASE.2023-10-24T21-42-22Z.fips')
        Skipped 'RELEASE.2023-10-25T06-33-25Z.fips' (can't parse 'RELEASE.2023-10-25T06-33-25Z.fips')
        Skipped 'RELEASE.2023-10-25T06-33-25Z' (can't parse 'RELEASE.2023-10-25T06-33-25Z')
        Skipped 'RELEASE.2023-10-24T04-42-36Z.hotfix.go.1.19.13.2dc917e87' (can't parse 'RELEASE.2023-10-24T04-42-36Z.hotfix.go.1.19.13.2dc917e87')
        Skipped 'RELEASE.2023-10-24T05-18-28Z.fips' (can't parse 'RELEASE.2023-10-24T05-18-28Z.fips')
        Skipped 'RELEASE.2023-10-16T04-13-43Z.fips' (can't parse 'RELEASE.2023-10-16T04-13-43Z.fips')
        Skipped 'RELEASE.2023-10-16T04-13-43Z' (can't parse 'RELEASE.2023-10-16T04-13-43Z')
        Skipped 'RELEASE.2023-10-14T05-17-22Z.fips' (can't parse 'RELEASE.2023-10-14T05-17-22Z.fips')
        Skipped 'RELEASE.2023-10-14T05-17-22Z' (can't parse 'RELEASE.2023-10-14T05-17-22Z')
        Skipped 'RELEASE.2023-10-07T15-07-38Z.fips' (can't parse 'RELEASE.2023-10-07T15-07-38Z.fips')
        Skipped 'RELEASE.2023-10-07T15-07-38Z' (can't parse 'RELEASE.2023-10-07T15-07-38Z')
        Skipped 'RELEASE.2023-09-30T07-02-29Z.fips' (can't parse 'RELEASE.2023-09-30T07-02-29Z.fips')
        Skipped 'RELEASE.2023-09-30T07-02-29Z' (can't parse 'RELEASE.2023-09-30T07-02-29Z')
        Skipped 'RELEASE.2023-09-27T15-22-50Z.fips' (can't parse 'RELEASE.2023-09-27T15-22-50Z.fips')
        Skipped 'RELEASE.2023-09-27T15-22-50Z' (can't parse 'RELEASE.2023-09-27T15-22-50Z')
        Skipped 'RELEASE.2023-09-23T03-47-50Z.fips' (can't parse 'RELEASE.2023-09-23T03-47-50Z.fips')
        Skipped 'RELEASE.2023-09-23T03-47-50Z' (can't parse 'RELEASE.2023-09-23T03-47-50Z')
        Skipped 'RELEASE.2023-09-20T22-49-55Z.fips' (can't parse 'RELEASE.2023-09-20T22-49-55Z.fips')
        Skipped 'RELEASE.2023-09-20T22-49-55Z' (can't parse 'RELEASE.2023-09-20T22-49-55Z')
        Skipped 'RELEASE.2023-09-16T01-01-47Z.fips' (can't parse 'RELEASE.2023-09-16T01-01-47Z.fips')
        Skipped 'RELEASE.2023-09-16T01-01-47Z' (can't parse 'RELEASE.2023-09-16T01-01-47Z')
        Skipped 'RELEASE.2023-09-07T02-05-02Z.hotfix.2befe55d4' (can't parse 'RELEASE.2023-09-07T02-05-02Z.hotfix.2befe55d4')
        Skipped 'RELEASE.2023-08-16T20-17-30Z.hotfix.60799aeb0' (can't parse 'RELEASE.2023-08-16T20-17-30Z.hotfix.60799aeb0')
        Skipped 'RELEASE.2023-08-16T20-17-30Z.hotfix.c230c6c35' (can't parse 'RELEASE.2023-08-16T20-17-30Z.hotfix.c230c6c35')
        Skipped 'RELEASE.2023-09-07T02-05-02Z.fips' (can't parse 'RELEASE.2023-09-07T02-05-02Z.fips')
        Skipped 'RELEASE.2023-09-07T02-05-02Z' (can't parse 'RELEASE.2023-09-07T02-05-02Z')
        Skipped 'RELEASE.2023-09-04T19-57-37Z.fips' (can't parse 'RELEASE.2023-09-04T19-57-37Z.fips')
        Skipped 'RELEASE.2023-09-04T19-57-37Z' (can't parse 'RELEASE.2023-09-04T19-57-37Z')
        Skipped 'RELEASE.2023-08-31T15-31-16Z.fips' (can't parse 'RELEASE.2023-08-31T15-31-16Z.fips')
        Skipped 'RELEASE.2023-08-31T15-31-16Z' (can't parse 'RELEASE.2023-08-31T15-31-16Z')
        Skipped 'RELEASE.2023-08-29T23-07-35Z.fips' (can't parse 'RELEASE.2023-08-29T23-07-35Z.fips')
        Skipped 'RELEASE.2023-08-29T23-07-35Z' (can't parse 'RELEASE.2023-08-29T23-07-35Z')
        Skipped 'RELEASE.2023-08-23T10-07-06Z.fips' (can't parse 'RELEASE.2023-08-23T10-07-06Z.fips')
        Skipped 'RELEASE.2023-08-23T10-07-06Z' (can't parse 'RELEASE.2023-08-23T10-07-06Z')
        Skipped 'RELEASE.2023-01-20T02-05-44Z.hotfix.e70d789c9' (can't parse 'RELEASE.2023-01-20T02-05-44Z.hotfix.e70d789c9')
        Skipped 'RELEASE.2023-08-16T20-17-30Z.fips' (can't parse 'RELEASE.2023-08-16T20-17-30Z.fips')
        Skipped 'RELEASE.2023-08-16T20-17-30Z' (can't parse 'RELEASE.2023-08-16T20-17-30Z')
        Skipped 'RELEASE.2022-01-27T03-53-02Z.hotfix.d5384ae51' (can't parse 'RELEASE.2022-01-27T03-53-02Z.hotfix.d5384ae51')
        Skipped 'RELEASE.2023-08-04T17-40-21Z.hotfix.bfb2c8508' (can't parse 'RELEASE.2023-08-04T17-40-21Z.hotfix.bfb2c8508')
        Skipped 'RELEASE.2023-08-04T17-40-21Z.hotfix.821e8bb28' (can't parse 'RELEASE.2023-08-04T17-40-21Z.hotfix.821e8bb28')
        Skipped 'RELEASE.2023-08-04T17-40-21Z.hotfix.f2202170e' (can't parse 'RELEASE.2023-08-04T17-40-21Z.hotfix.f2202170e')
        Skipped 'RELEASE.2023-08-04T17-40-21Z.hotfix.20a0d7bf4' (can't parse 'RELEASE.2023-08-04T17-40-21Z.hotfix.20a0d7bf4')
        Skipped 'RELEASE.2023-08-09T23-30-22Z.fips' (can't parse 'RELEASE.2023-08-09T23-30-22Z.fips')
        Skipped 'RELEASE.2023-08-09T23-30-22Z' (can't parse 'RELEASE.2023-08-09T23-30-22Z')
        Skipped 'RELEASE.2023-08-04T17-40-21Z.hotfix.04968f7ec' (can't parse 'RELEASE.2023-08-04T17-40-21Z.hotfix.04968f7ec')
        Skipped 'RELEASE.2023-08-04T17-40-21Z.hotfix.5a2b71e54' (can't parse 'RELEASE.2023-08-04T17-40-21Z.hotfix.5a2b71e54')
        Skipped 'RELEASE.2023-02-27T18-10-45Z.hotfix.499c2835e' (can't parse 'RELEASE.2023-02-27T18-10-45Z.hotfix.499c2835e')
        Skipped 'RELEASE.2023-08-04T17-40-21Z.fips' (can't parse 'RELEASE.2023-08-04T17-40-21Z.fips')
        Skipped 'RELEASE.2023-08-04T17-40-21Z' (can't parse 'RELEASE.2023-08-04T17-40-21Z')
        Skipped 'RELEASE.2023-04-20T17-56-55Z.hotfix.3478ff085' (can't parse 'RELEASE.2023-04-20T17-56-55Z.hotfix.3478ff085')
        Skipped 'RELEASE.2023-07-21T21-12-44Z.fips' (can't parse 'RELEASE.2023-07-21T21-12-44Z.fips')
        Skipped 'RELEASE.2023-07-21T21-12-44Z' (can't parse 'RELEASE.2023-07-21T21-12-44Z')
        Skipped 'RELEASE.2023-07-18T17-49-40Z.fips' (can't parse 'RELEASE.2023-07-18T17-49-40Z.fips')
        Skipped 'RELEASE.2023-07-18T17-49-40Z' (can't parse 'RELEASE.2023-07-18T17-49-40Z')
        Skipped 'RELEASE.2023-02-27T18-10-45Z.hotfix.6ba7e7dbf' (can't parse 'RELEASE.2023-02-27T18-10-45Z.hotfix.6ba7e7dbf')
        Skipped 'RELEASE.2023-07-11T21-29-34Z.fips' (can't parse 'RELEASE.2023-07-11T21-29-34Z.fips')
        Skipped 'RELEASE.2023-07-11T21-29-34Z' (can't parse 'RELEASE.2023-07-11T21-29-34Z')
        Skipped 'RELEASE.2023-07-07T07-13-57Z.fips' (can't parse 'RELEASE.2023-07-07T07-13-57Z.fips')
        Skipped 'RELEASE.2023-07-07T07-13-57Z' (can't parse 'RELEASE.2023-07-07T07-13-57Z')
        Skipped 'RELEASE.2023-06-29T05-12-28Z.fips' (can't parse 'RELEASE.2023-06-29T05-12-28Z.fips')
        Skipped 'RELEASE.2023-06-29T05-12-28Z' (can't parse 'RELEASE.2023-06-29T05-12-28Z')
        Skipped 'RELEASE.2023-01-20T02-05-44Z.hotfix.725d41714' (can't parse 'RELEASE.2023-01-20T02-05-44Z.hotfix.725d41714')
        Skipped 'RELEASE.2023-06-23T20-26-00Z.fips' (can't parse 'RELEASE.2023-06-23T20-26-00Z.fips')
        Skipped 'RELEASE.2023-06-23T20-26-00Z' (can't parse 'RELEASE.2023-06-23T20-26-00Z')
        Skipped 'RELEASE.2023-02-27T18-10-45Z.hotfix.c5e012acf' (can't parse 'RELEASE.2023-02-27T18-10-45Z.hotfix.c5e012acf')
        Skipped 'RELEASE.2023-06-19T19-52-50Z.fips' (can't parse 'RELEASE.2023-06-19T19-52-50Z.fips')
        Skipped 'RELEASE.2023-06-19T19-52-50Z' (can't parse 'RELEASE.2023-06-19T19-52-50Z')
        Skipped 'RELEASE.2023-06-16T02-41-06Z.fips' (can't parse 'RELEASE.2023-06-16T02-41-06Z.fips')
        Skipped 'RELEASE.2023-06-16T02-41-06Z' (can't parse 'RELEASE.2023-06-16T02-41-06Z')
        Skipped 'RELEASE.2023-02-27T18-10-45Z.hotfix.0fb43447e' (can't parse 'RELEASE.2023-02-27T18-10-45Z.hotfix.0fb43447e')
        Skipped 'RELEASE.2023-01-20T02-05-44Z.hotfix.b9b60d73d' (can't parse 'RELEASE.2023-01-20T02-05-44Z.hotfix.b9b60d73d')
        Skipped 'RELEASE.2023-06-09T07-32-12Z.fips' (can't parse 'RELEASE.2023-06-09T07-32-12Z.fips')
        Skipped 'RELEASE.2023-06-09T07-32-12Z' (can't parse 'RELEASE.2023-06-09T07-32-12Z')
        Skipped 'RELEASE.2023-01-20T02-05-44Z.hotfix.ce1f5ac39' (can't parse 'RELEASE.2023-01-20T02-05-44Z.hotfix.ce1f5ac39')
        Skipped 'RELEASE.2023-06-02T23-17-26Z.fips' (can't parse 'RELEASE.2023-06-02T23-17-26Z.fips')
        Skipped 'RELEASE.2023-06-02T23-17-26Z' (can't parse 'RELEASE.2023-06-02T23-17-26Z')
        Skipped 'RELEASE.2023-05-27T05-56-19Z.fips' (can't parse 'RELEASE.2023-05-27T05-56-19Z.fips')
        Skipped 'RELEASE.2023-05-27T05-56-19Z' (can't parse 'RELEASE.2023-05-27T05-56-19Z')
        Skipped 'RELEASE.2023-01-20T02-05-44Z.hotfix.e1dbac2c1' (can't parse 'RELEASE.2023-01-20T02-05-44Z.hotfix.e1dbac2c1')
        Skipped 'RELEASE.2023-05-18T00-05-36Z.fips' (can't parse 'RELEASE.2023-05-18T00-05-36Z.fips')
        Skipped 'RELEASE.2023-05-18T00-05-36Z' (can't parse 'RELEASE.2023-05-18T00-05-36Z')
        Skipped 'RELEASE.2022-09-17T00-09-45Z.hotfix.acb000d3a' (can't parse 'RELEASE.2022-09-17T00-09-45Z.hotfix.acb000d3a')
        Skipped 'RELEASE.2023-01-20T02-05-44Z.hotfix.9c0d02a24' (can't parse 'RELEASE.2023-01-20T02-05-44Z.hotfix.9c0d02a24')
        Skipped 'RELEASE.2023-01-20T02-05-44Z.hotfix.cca349fb9' (can't parse 'RELEASE.2023-01-20T02-05-44Z.hotfix.cca349fb9')
        Skipped 'RELEASE.2023-01-20T02-05-44Z.hotfix.e85254918' (can't parse 'RELEASE.2023-01-20T02-05-44Z.hotfix.e85254918')
        Skipped 'RELEASE.2023-02-17T17-52-43Z.hotfix.aae0ae859' (can't parse 'RELEASE.2023-02-17T17-52-43Z.hotfix.aae0ae859')
        Skipped 'RELEASE.2023-01-20T02-05-44Z.hotfix.bce0701a3' (can't parse 'RELEASE.2023-01-20T02-05-44Z.hotfix.bce0701a3')
        Skipped 'RELEASE.2023-05-04T21-44-30Z.fips' (can't parse 'RELEASE.2023-05-04T21-44-30Z.fips')
        Skipped 'RELEASE.2023-05-04T21-44-30Z' (can't parse 'RELEASE.2023-05-04T21-44-30Z')
        Skipped 'RELEASE.2022-09-17T00-09-45Z.hotfix.834a748f6' (can't parse 'RELEASE.2022-09-17T00-09-45Z.hotfix.834a748f6')
        Skipped 'RELEASE.2023-04-28T18-11-17Z.fips' (can't parse 'RELEASE.2023-04-28T18-11-17Z.fips')
        Skipped 'RELEASE.2023-04-28T18-11-17Z' (can't parse 'RELEASE.2023-04-28T18-11-17Z')
        Skipped 'RELEASE.2023-04-20T17-56-55Z.fips' (can't parse 'RELEASE.2023-04-20T17-56-55Z.fips')
        Skipped 'RELEASE.2023-04-20T17-56-55Z' (can't parse 'RELEASE.2023-04-20T17-56-55Z')
        Skipped 'RELEASE.2023-04-13T03-08-07Z.fips' (can't parse 'RELEASE.2023-04-13T03-08-07Z.fips')
        Skipped 'RELEASE.2023-04-13T03-08-07Z' (can't parse 'RELEASE.2023-04-13T03-08-07Z')
        Skipped 'RELEASE.2023-04-07T05-28-58Z.fips' (can't parse 'RELEASE.2023-04-07T05-28-58Z.fips')
        Skipped 'RELEASE.2023-04-07T05-28-58Z' (can't parse 'RELEASE.2023-04-07T05-28-58Z')
        Skipped 'RELEASE.2023-01-18T04-36-38Z.hotfix.fff84de10' (can't parse 'RELEASE.2023-01-18T04-36-38Z.hotfix.fff84de10')
        Skipped 'RELEASE.2023-01-18T04-36-38Z.hotfix.ee4b23257' (can't parse 'RELEASE.2023-01-18T04-36-38Z.hotfix.ee4b23257')
        Skipped 'RELEASE.2023-03-24T21-41-23Z.fips' (can't parse 'RELEASE.2023-03-24T21-41-23Z.fips')
        Skipped 'RELEASE.2023-03-24T21-41-23Z' (can't parse 'RELEASE.2023-03-24T21-41-23Z')
        Skipped 'RELEASE.2023-03-22T06-36-24Z.fips' (can't parse 'RELEASE.2023-03-22T06-36-24Z.fips')
        Skipped 'RELEASE.2023-03-22T06-36-24Z' (can't parse 'RELEASE.2023-03-22T06-36-24Z')
        Skipped 'RELEASE.2023-03-20T20-16-18Z.fips' (can't parse 'RELEASE.2023-03-20T20-16-18Z.fips')
        Skipped 'RELEASE.2023-03-20T20-16-18Z' (can't parse 'RELEASE.2023-03-20T20-16-18Z')
        Skipped 'RELEASE.2023-01-12T02-06-16Z.hotfix.9c499b4f7' (can't parse 'RELEASE.2023-01-12T02-06-16Z.hotfix.9c499b4f7')
        Skipped 'RELEASE.2023-03-13T19-46-17Z.fips' (can't parse 'RELEASE.2023-03-13T19-46-17Z.fips')
        Skipped 'RELEASE.2023-03-13T19-46-17Z' (can't parse 'RELEASE.2023-03-13T19-46-17Z')
        Skipped 'RELEASE.2023-03-09T23-16-13Z.fips' (can't parse 'RELEASE.2023-03-09T23-16-13Z.fips')
        Skipped 'RELEASE.2023-03-09T23-16-13Z' (can't parse 'RELEASE.2023-03-09T23-16-13Z')
        Skipped 'RELEASE.2022-05-08T23-50-31Z.hotfix.33543290d' (can't parse 'RELEASE.2022-05-08T23-50-31Z.hotfix.33543290d')
        Skipped 'RELEASE.2023-02-27T18-10-45Z.fips' (can't parse 'RELEASE.2023-02-27T18-10-45Z.fips')
        Skipped 'RELEASE.2023-02-27T18-10-45Z' (can't parse 'RELEASE.2023-02-27T18-10-45Z')
        Skipped 'RELEASE.2023-02-22T18-23-45Z.fips' (can't parse 'RELEASE.2023-02-22T18-23-45Z.fips')
        Skipped 'RELEASE.2023-02-22T18-23-45Z' (can't parse 'RELEASE.2023-02-22T18-23-45Z')
        Skipped 'RELEASE.2023-01-20T02-05-44Z.hotfix.4d6508537' (can't parse 'RELEASE.2023-01-20T02-05-44Z.hotfix.4d6508537')
        Skipped 'RELEASE.2023-02-17T17-52-43Z.fips' (can't parse 'RELEASE.2023-02-17T17-52-43Z.fips')
        Skipped 'RELEASE.2023-02-17T17-52-43Z' (can't parse 'RELEASE.2023-02-17T17-52-43Z')
        Skipped 'RELEASE.2023-02-10T18-48-39Z.fips' (can't parse 'RELEASE.2023-02-10T18-48-39Z.fips')
        Skipped 'RELEASE.2023-02-10T18-48-39Z' (can't parse 'RELEASE.2023-02-10T18-48-39Z')
        Skipped 'RELEASE.2023-02-09T05-16-53Z.hotfix.fb274319c' (can't parse 'RELEASE.2023-02-09T05-16-53Z.hotfix.fb274319c')
        Skipped 'RELEASE.2023-02-09T05-16-53Z.fips' (can't parse 'RELEASE.2023-02-09T05-16-53Z.fips')
        Skipped 'RELEASE.2023-02-09T05-16-53Z' (can't parse 'RELEASE.2023-02-09T05-16-53Z')
        Skipped 'RELEASE.2023-01-02T09-40-09Z.hotfix.5c99bdd49' (can't parse 'RELEASE.2023-01-02T09-40-09Z.hotfix.5c99bdd49')
        Skipped 'RELEASE.2023-01-31T02-24-19Z.fips' (can't parse 'RELEASE.2023-01-31T02-24-19Z.fips')
        Skipped 'RELEASE.2023-01-31T02-24-19Z' (can't parse 'RELEASE.2023-01-31T02-24-19Z')
        Skipped 'RELEASE.2023-01-25T00-19-54Z.fips' (can't parse 'RELEASE.2023-01-25T00-19-54Z.fips')
        Skipped 'RELEASE.2023-01-25T00-19-54Z' (can't parse 'RELEASE.2023-01-25T00-19-54Z')
        Skipped 'RELEASE.2023-01-18T04-36-38Z.fips' (can't parse 'RELEASE.2023-01-18T04-36-38Z.fips')
        Skipped 'RELEASE.2023-01-18T04-36-38Z' (can't parse 'RELEASE.2023-01-18T04-36-38Z')
        Skipped 'RELEASE.2023-01-20T02-05-44Z.fips' (can't parse 'RELEASE.2023-01-20T02-05-44Z.fips')
        Skipped 'RELEASE.2023-01-20T02-05-44Z' (can't parse 'RELEASE.2023-01-20T02-05-44Z')
        Skipped 'RELEASE.2023-01-12T02-06-16Z.fips' (can't parse 'RELEASE.2023-01-12T02-06-16Z.fips')
        Skipped 'RELEASE.2023-01-12T02-06-16Z' (can't parse 'RELEASE.2023-01-12T02-06-16Z')
        Skipped 'RELEASE.2023-01-06T18-11-18Z.fips' (can't parse 'RELEASE.2023-01-06T18-11-18Z.fips')
        Skipped 'RELEASE.2023-01-06T18-11-18Z' (can't parse 'RELEASE.2023-01-06T18-11-18Z')
        Skipped 'RELEASE.2023-01-02T09-40-09Z.fips' (can't parse 'RELEASE.2023-01-02T09-40-09Z.fips')
        Skipped 'RELEASE.2023-01-02T09-40-09Z' (can't parse 'RELEASE.2023-01-02T09-40-09Z')
        Skipped 'dev-b67d97b1b' (can't parse 'dev-b67d97b1b')
        Skipped 'dev-b8943fdf1' (can't parse 'dev-b8943fdf1')
        Skipped 'RELEASE.2022-05-19T18-20-59Z.hotfix.30a60091e' (can't parse 'RELEASE.2022-05-19T18-20-59Z.hotfix.30a60091e')
        Skipped 'RELEASE.2022-05-08T23-50-31Z.hotfix.3d64b976d' (can't parse 'RELEASE.2022-05-08T23-50-31Z.hotfix.3d64b976d')
        Skipped 'RELEASE.2022-01-08T03-11-54Z.hotfix.f533071b4' (can't parse 'RELEASE.2022-01-08T03-11-54Z.hotfix.f533071b4')
        Skipped 'RELEASE.2022-12-12T19-27-27Z.fips' (can't parse 'RELEASE.2022-12-12T19-27-27Z.fips')
        Skipped 'RELEASE.2022-12-12T19-27-27Z' (can't parse 'RELEASE.2022-12-12T19-27-27Z')
        Skipped 'RELEASE.2022-12-07T00-56-37Z.fips' (can't parse 'RELEASE.2022-12-07T00-56-37Z.fips')
        Skipped 'RELEASE.2022-12-07T00-56-37Z' (can't parse 'RELEASE.2022-12-07T00-56-37Z')
        Skipped 'RELEASE.2022-03-26T06-49-28Z.hotfix.26ec6a857' (can't parse 'RELEASE.2022-03-26T06-49-28Z.hotfix.26ec6a857')
        Skipped 'RELEASE.2022-01-08T03-11-54Z.hotfix.631cdd868' (can't parse 'RELEASE.2022-01-08T03-11-54Z.hotfix.631cdd868')
        Skipped 'RELEASE.2022-03-26T06-49-28Z.hotfix.6a78a92ad' (can't parse 'RELEASE.2022-03-26T06-49-28Z.hotfix.6a78a92ad')
        Skipped 'RELEASE.2022-12-02T19-19-22Z.fips' (can't parse 'RELEASE.2022-12-02T19-19-22Z.fips')
        Skipped 'RELEASE.2022-12-02T19-19-22Z' (can't parse 'RELEASE.2022-12-02T19-19-22Z')
        Skipped 'RELEASE.2022-03-17T06-34-49Z.hotfix.be3c9f6a7' (can't parse 'RELEASE.2022-03-17T06-34-49Z.hotfix.be3c9f6a7')
        Skipped 'RELEASE.2022-11-29T23-40-49Z.fips' (can't parse 'RELEASE.2022-11-29T23-40-49Z.fips')
        Skipped 'RELEASE.2022-11-29T23-40-49Z' (can't parse 'RELEASE.2022-11-29T23-40-49Z')
        Skipped 'RELEASE.2022-10-24T18-35-07Z.hotfix.ce525fdaf' (can't parse 'RELEASE.2022-10-24T18-35-07Z.hotfix.ce525fdaf')
        Skipped 'RELEASE.2022-11-26T22-43-32Z.fips' (can't parse 'RELEASE.2022-11-26T22-43-32Z.fips')
        Skipped 'RELEASE.2022-11-26T22-43-32Z' (can't parse 'RELEASE.2022-11-26T22-43-32Z')
        Skipped 'RELEASE.2022-10-24T18-35-07Z.hotfix.7906ac5be' (can't parse 'RELEASE.2022-10-24T18-35-07Z.hotfix.7906ac5be')
        Skipped 'RELEASE.2022-11-17T23-20-09Z.fips' (can't parse 'RELEASE.2022-11-17T23-20-09Z.fips')
        Skipped 'RELEASE.2022-11-17T23-20-09Z' (can't parse 'RELEASE.2022-11-17T23-20-09Z')
        Skipped 'RELEASE.2022-09-17T00-09-45Z.hotfix.4bb22d5cd' (can't parse 'RELEASE.2022-09-17T00-09-45Z.hotfix.4bb22d5cd')
        Skipped 'RELEASE.2022-11-11T03-44-20Z.fips' (can't parse 'RELEASE.2022-11-11T03-44-20Z.fips')
        Skipped 'RELEASE.2022-11-11T03-44-20Z' (can't parse 'RELEASE.2022-11-11T03-44-20Z')
        Skipped 'RELEASE.2022-09-17T00-09-45Z.hotfix.f76e5da9f' (can't parse 'RELEASE.2022-09-17T00-09-45Z.hotfix.f76e5da9f')
        Skipped 'RELEASE.2022-11-10T18-20-21Z.fips' (can't parse 'RELEASE.2022-11-10T18-20-21Z.fips')
        Skipped 'RELEASE.2022-11-10T18-20-21Z' (can't parse 'RELEASE.2022-11-10T18-20-21Z')
        Skipped 'RELEASE.2022-11-08T05-27-07Z.fips' (can't parse 'RELEASE.2022-11-08T05-27-07Z.fips')
        Skipped 'RELEASE.2022-11-08T05-27-07Z' (can't parse 'RELEASE.2022-11-08T05-27-07Z')
        Skipped 'RELEASE.2022-09-17T00-09-45Z.hotfix.fc6d6fdbd' (can't parse 'RELEASE.2022-09-17T00-09-45Z.hotfix.fc6d6fdbd')
        Skipped 'RELEASE.2022-10-29T06-21-33Z.fips' (can't parse 'RELEASE.2022-10-29T06-21-33Z.fips')
        Skipped 'RELEASE.2022-10-29T06-21-33Z' (can't parse 'RELEASE.2022-10-29T06-21-33Z')
        Skipped 'RELEASE.2022-10-24T18-35-07Z.fips' (can't parse 'RELEASE.2022-10-24T18-35-07Z.fips')
        Skipped 'RELEASE.2022-10-24T18-35-07Z' (can't parse 'RELEASE.2022-10-24T18-35-07Z')
        Skipped 'RELEASE.2022-10-21T22-37-48Z.fips' (can't parse 'RELEASE.2022-10-21T22-37-48Z.fips')
        Skipped 'RELEASE.2022-10-21T22-37-48Z' (can't parse 'RELEASE.2022-10-21T22-37-48Z')
        Skipped 'RELEASE.2022-10-20T00-55-09Z.fips' (can't parse 'RELEASE.2022-10-20T00-55-09Z.fips')
        Skipped 'RELEASE.2022-10-20T00-55-09Z' (can't parse 'RELEASE.2022-10-20T00-55-09Z')
        Skipped 'RELEASE.2022-10-15T19-57-03Z.fips' (can't parse 'RELEASE.2022-10-15T19-57-03Z.fips')
        Skipped 'RELEASE.2022-10-15T19-57-03Z' (can't parse 'RELEASE.2022-10-15T19-57-03Z')
        Skipped 'RELEASE.2022-10-08T20-11-00Z.fips' (can't parse 'RELEASE.2022-10-08T20-11-00Z.fips')
        Skipped 'RELEASE.2022-10-08T20-11-00Z' (can't parse 'RELEASE.2022-10-08T20-11-00Z')
        Skipped 'RELEASE.2022-08-22T23-53-06Z.hotfix.5fa3967bb' (can't parse 'RELEASE.2022-08-22T23-53-06Z.hotfix.5fa3967bb')
        Skipped 'RELEASE.2021-08-25T00-41-18Z.hotfix.f0561c7d8' (can't parse 'RELEASE.2021-08-25T00-41-18Z.hotfix.f0561c7d8')
        Skipped 'RELEASE.2022-10-05T14-58-27Z.fips' (can't parse 'RELEASE.2022-10-05T14-58-27Z.fips')
        Skipped 'RELEASE.2022-10-05T14-58-27Z' (can't parse 'RELEASE.2022-10-05T14-58-27Z')
        Skipped 'RELEASE.2021-08-25T00-41-18Z.hotfix.8e9fdf5af' (can't parse 'RELEASE.2021-08-25T00-41-18Z.hotfix.8e9fdf5af')
        Skipped 'RELEASE.2022-10-02T19-29-29Z.fips' (can't parse 'RELEASE.2022-10-02T19-29-29Z.fips')
        Skipped 'RELEASE.2022-10-02T19-29-29Z' (can't parse 'RELEASE.2022-10-02T19-29-29Z')
        Skipped 'RELEASE.2022-09-25T15-44-53Z.fips' (can't parse 'RELEASE.2022-09-25T15-44-53Z.fips')
        Skipped 'RELEASE.2022-09-25T15-44-53Z' (can't parse 'RELEASE.2022-09-25T15-44-53Z')
        Skipped 'RELEASE.2022-09-22T18-57-27Z.fips' (can't parse 'RELEASE.2022-09-22T18-57-27Z.fips')
        Skipped 'RELEASE.2022-09-22T18-57-27Z' (can't parse 'RELEASE.2022-09-22T18-57-27Z')
        Skipped 'RELEASE.2022-09-17T00-09-45Z.fips' (can't parse 'RELEASE.2022-09-17T00-09-45Z.fips')
        Skipped 'RELEASE.2022-09-17T00-09-45Z' (can't parse 'RELEASE.2022-09-17T00-09-45Z')
        Skipped 'RELEASE.2022-09-07T22-25-02Z.fips' (can't parse 'RELEASE.2022-09-07T22-25-02Z.fips')
        Skipped 'RELEASE.2022-09-07T22-25-02Z' (can't parse 'RELEASE.2022-09-07T22-25-02Z')
        Skipped 'RELEASE.2022-09-01T23-53-36Z.fips' (can't parse 'RELEASE.2022-09-01T23-53-36Z.fips')
        Skipped 'RELEASE.2022-09-01T23-53-36Z' (can't parse 'RELEASE.2022-09-01T23-53-36Z')
        Skipped 'RELEASE.2022-05-08T23-50-31Z.hotfix.d33e6d144' (can't parse 'RELEASE.2022-05-08T23-50-31Z.hotfix.d33e6d144')
        Skipped 'RELEASE.2022-08-26T19-53-15Z.fips' (can't parse 'RELEASE.2022-08-26T19-53-15Z.fips')
        Skipped 'RELEASE.2022-08-26T19-53-15Z' (can't parse 'RELEASE.2022-08-26T19-53-15Z')
        Skipped 'RELEASE.2022-08-25T07-17-05Z.fips' (can't parse 'RELEASE.2022-08-25T07-17-05Z.fips')
        Skipped 'RELEASE.2022-08-25T07-17-05Z' (can't parse 'RELEASE.2022-08-25T07-17-05Z')
        Skipped 'RELEASE.2022-08-22T23-53-06Z.fips' (can't parse 'RELEASE.2022-08-22T23-53-06Z.fips')
        Skipped 'RELEASE.2022-08-22T23-53-06Z' (can't parse 'RELEASE.2022-08-22T23-53-06Z')
        Skipped 'RELEASE.2022-05-08T23-50-31Z.hotfix.5c13750dd' (can't parse 'RELEASE.2022-05-08T23-50-31Z.hotfix.5c13750dd')
        Skipped 'RELEASE.2022-08-13T21-54-44Z.fips' (can't parse 'RELEASE.2022-08-13T21-54-44Z.fips')
        Skipped 'RELEASE.2022-08-13T21-54-44Z' (can't parse 'RELEASE.2022-08-13T21-54-44Z')
        Skipped 'RELEASE.2022-08-11T04-37-28Z.fips' (can't parse 'RELEASE.2022-08-11T04-37-28Z.fips')
        Skipped 'RELEASE.2022-08-11T04-37-28Z' (can't parse 'RELEASE.2022-08-11T04-37-28Z')
        Skipped 'RELEASE.2022-05-08T23-50-31Z.hotfix.d70e89a85' (can't parse 'RELEASE.2022-05-08T23-50-31Z.hotfix.d70e89a85')
        Skipped 'RELEASE.2022-05-08T23-50-31Z.hotfix.fd0a38397' (can't parse 'RELEASE.2022-05-08T23-50-31Z.hotfix.fd0a38397')
        Skipped 'RELEASE.2022-08-08T18-34-09Z.fips' (can't parse 'RELEASE.2022-08-08T18-34-09Z.fips')
    [!] No latest found: no valid versions in track

[?] CHECK schema-registry: apicurio/apicurio-registry-sql:2.5.7.Final
    Repo: apicurio/apicurio-registry-sql
    Fetched 68 tags
      Current: '2.5.7.Final' -> ver='2.5.7.Final', suffix=''
      Same-track tags (68): ['latest-snapshot', '2.6.x-snapshot', 'latest-release', '2.6.x-release', '2.6.13.Final', '2.6.12.Final', '2.6.11.Final', '2.6.9.Final']
        Skipped 'latest-snapshot' (can't parse 'latest-snapshot')
        Skipped '2.6.x-snapshot' (can't parse '2.6.x-snapshot')
        Skipped 'latest-release' (can't parse 'latest-release')
        Skipped '2.6.x-release' (can't parse '2.6.x-release')
        Skipped '2.6.13.Final' (can't parse '2.6.13.Final')
        Skipped '2.6.12.Final' (can't parse '2.6.12.Final')
        Skipped '2.6.11.Final' (can't parse '2.6.11.Final')
        Skipped '2.6.9.Final' (can't parse '2.6.9.Final')
        Skipped '2.6.8.Final' (can't parse '2.6.8.Final')
        Skipped '2.6.7.Final' (can't parse '2.6.7.Final')
        Skipped '2.6.6.Final' (can't parse '2.6.6.Final')
        Skipped '2.6.5.Final' (can't parse '2.6.5.Final')
        Skipped '2.5.x-snapshot' (can't parse '2.5.x-snapshot')
        Skipped '2.6.4.Final' (can't parse '2.6.4.Final')
        Skipped '2.6.3.Final' (can't parse '2.6.3.Final')
        Skipped '2.6.2.Final' (can't parse '2.6.2.Final')
        Skipped '2.6.1.Final' (can't parse '2.6.1.Final')
        Skipped '2.6.0.Final' (can't parse '2.6.0.Final')
        Skipped '2.5.11.Final' (can't parse '2.5.11.Final')
        Skipped '2.5.10.Final' (can't parse '2.5.10.Final')
        Skipped '2.5.9.Final' (can't parse '2.5.9.Final')
        Skipped '2.5.8.Final' (can't parse '2.5.8.Final')
        Skipped '2.5.7.Final' (can't parse '2.5.7.Final')
        Skipped '2.5.6.Final' (can't parse '2.5.6.Final')
        Skipped '2.5.5.Final' (can't parse '2.5.5.Final')
        Skipped '2.5.4.Final' (can't parse '2.5.4.Final')
        Skipped '2.5.3.Final' (can't parse '2.5.3.Final')
        Skipped '2.5.1.Final' (can't parse '2.5.1.Final')
        Skipped '2.5.0.Final' (can't parse '2.5.0.Final')
        Skipped '2.4.14.Final' (can't parse '2.4.14.Final')
        Skipped '2.4.x-snapshot' (can't parse '2.4.x-snapshot')
        Skipped '2.4.x-release' (can't parse '2.4.x-release')
        Skipped '2.4.12.Final' (can't parse '2.4.12.Final')
        Skipped '2.4.11.Final' (can't parse '2.4.11.Final')
        Skipped '2.4.10.Final' (can't parse '2.4.10.Final')
        Skipped '2.4.9.Final' (can't parse '2.4.9.Final')
        Skipped '2.4.7.Final' (can't parse '2.4.7.Final')
        Skipped '2.4.5.Final' (can't parse '2.4.5.Final')
        Skipped '2.4.4.Final' (can't parse '2.4.4.Final')
        Skipped '2.4.3.Final' (can't parse '2.4.3.Final')
        Skipped '2.4.2.Final' (can't parse '2.4.2.Final')
        Skipped '2.3.x-snapshot' (can't parse '2.3.x-snapshot')
        Skipped '2.4.1.Final' (can't parse '2.4.1.Final')
        Skipped '2.4.0.Final' (can't parse '2.4.0.Final')
        Skipped 'sql-multiarch-images' (can't parse 'sql-multiarch-images')
        Skipped '2.3.1.Final' (can't parse '2.3.1.Final')
        Skipped '2.3.0.Final' (can't parse '2.3.0.Final')
        Skipped '2.2.5.Final' (can't parse '2.2.5.Final')
        Skipped '2.2.4.Final' (can't parse '2.2.4.Final')
        Skipped '2.2.3.Final' (can't parse '2.2.3.Final')
        Skipped '2.2.2.Final' (can't parse '2.2.2.Final')
        Skipped '2.2.1.Final' (can't parse '2.2.1.Final')
        Skipped '2.2.0.Final' (can't parse '2.2.0.Final')
        Skipped '2.0.x-snapshot' (can't parse '2.0.x-snapshot')
        Skipped '2.1.5.Final' (can't parse '2.1.5.Final')
        Skipped '2.1.4.Final' (can't parse '2.1.4.Final')
        Skipped '2.1.3.Final' (can't parse '2.1.3.Final')
        Skipped '2.1.2.Final' (can't parse '2.1.2.Final')
        Skipped '2.1.x-snapshot' (can't parse '2.1.x-snapshot')
        Skipped '2.0.x-release' (can't parse '2.0.x-release')
        Skipped '2.0.2.Final' (can't parse '2.0.2.Final')
        Skipped '2.1.1.Final' (can't parse '2.1.1.Final')
        Skipped '2.1.0.Final' (can't parse '2.1.0.Final')
        Skipped '2.1.0.RC1' (can't parse '2.1.0.RC1')
        Skipped '2.0.1.Final' (can't parse '2.0.1.Final')
        Skipped '2.0.0.Final' (can't parse '2.0.0.Final')
        Skipped '2.0.0.RC1' (can't parse '2.0.0.RC1')
        Skipped 'multitenant-sr-demo-snapshot' (can't parse 'multitenant-sr-demo-snapshot')
    [!] No latest found: no valid versions in track

[?] CHECK ollama: ollama/ollama:0.30.10
    Repo: ollama/ollama
    Fetched 499 tags
      Current: '0.30.10' -> ver='0.30.10', suffix=''
      Same-track tags (75): ['rocm', '0.30.10', '0.30.9', '0.30.8', '0.30.7', '0.30.6', '0.30.5', '0.30.4']
        Skipped 'rocm' (can't parse 'rocm')
      Highest: 0.30.10 (parsed as (0, 30, 10))
    [*] Up to date

[?] CHECK qdrant: qdrant/qdrant:v1.17.1
    Repo: qdrant/qdrant
    Fetched 193 tags
      Current: 'v1.17.1' -> ver='1.17.1', suffix=''
      Same-track tags (188): ['v1', 'v1.18', 'v1.18.2', 'gpu-amd-latest', 'gpu-nvidia-latest', 'v1.18.1', 'v1.18.0', 'v1.17']
        Skipped 'gpu-amd-latest' (can't parse 'gpu-amd-latest')
        Skipped 'gpu-nvidia-latest' (can't parse 'gpu-nvidia-latest')
        Skipped 'dev-3be4ca880519be040c45baafacd06f4dd4aee080' (can't parse 'dev-3be4ca880519be040c45baafacd06f4dd4aee080')
        Skipped 'dev-bb51da71ea047128f50a18283b2a3cd1a9259225' (can't parse 'dev-bb51da71ea047128f50a18283b2a3cd1a9259225')
        Skipped 'dev-971bbffc2b25d1fc3cbb7d8a19d0cdb61ad6e1dc' (can't parse 'dev-971bbffc2b25d1fc3cbb7d8a19d0cdb61ad6e1dc')
        Skipped 'dev-71a8d96372241bd76bab4d159550cc89f1bedd72' (can't parse 'dev-71a8d96372241bd76bab4d159550cc89f1bedd72')
        Skipped 'dev-126a3cf5584ba14411f4e463be20ed4aa3773f0e' (can't parse 'dev-126a3cf5584ba14411f4e463be20ed4aa3773f0e')
        Skipped 'dev-894692919c61aa783b809737fc83f4445981432e' (can't parse 'dev-894692919c61aa783b809737fc83f4445981432e')
        Skipped 'dev-6111bd2634d6b124e4d3ff0cf194cd5df863f35f' (can't parse 'dev-6111bd2634d6b124e4d3ff0cf194cd5df863f35f')
        Skipped 'dev-1327604648b34879473f4cd917b210e51dc484df' (can't parse 'dev-1327604648b34879473f4cd917b210e51dc484df')
        Skipped 'dev-5936926c885cdfc6446d158eac50c2befa508026' (can't parse 'dev-5936926c885cdfc6446d158eac50c2befa508026')
        Skipped 'dev-d17f54c85312ae24664fa4341cd677fd9aef1fd2' (can't parse 'dev-d17f54c85312ae24664fa4341cd677fd9aef1fd2')
        Skipped 'dev-6c75566ac4bb5c4cb6c9e31539d163e6d6e39fa9' (can't parse 'dev-6c75566ac4bb5c4cb6c9e31539d163e6d6e39fa9')
        Skipped 'dev-6fa24e1ee3ef74b097d4daeb6e3cd0c122868a1b' (can't parse 'dev-6fa24e1ee3ef74b097d4daeb6e3cd0c122868a1b')
        Skipped 'dev-9b1bbac53425a9666d46fae9e45b117cd9fa9de0' (can't parse 'dev-9b1bbac53425a9666d46fae9e45b117cd9fa9de0')
        Skipped 'dev-e744bd601434c93de5792874185deacf43449cd5' (can't parse 'dev-e744bd601434c93de5792874185deacf43449cd5')
        Skipped 'dev-738e31aa9bf616141b10635db696ca4339431bbb' (can't parse 'dev-738e31aa9bf616141b10635db696ca4339431bbb')
        Skipped 'dev-98f77ace86f63a611289f1a4a7c2bcb3f00de018' (can't parse 'dev-98f77ace86f63a611289f1a4a7c2bcb3f00de018')
        Skipped 'dev-579fb4ef85543d59e5be5216c4b1316f432aa50f' (can't parse 'dev-579fb4ef85543d59e5be5216c4b1316f432aa50f')
        Skipped 'dev-0bcdcffb6984b60cec1d61c1dc09b1ae985a8a63' (can't parse 'dev-0bcdcffb6984b60cec1d61c1dc09b1ae985a8a63')
        Skipped 'dev-0781ea8893401d0ee84cecfe119ee0b9c0f2b069' (can't parse 'dev-0781ea8893401d0ee84cecfe119ee0b9c0f2b069')
        Skipped 'dev-1e81d4f3b3346ade500e646f18fc486d734a81e2' (can't parse 'dev-1e81d4f3b3346ade500e646f18fc486d734a81e2')
        Skipped 'dev-59257681c9304db289fae10e1bbf8fa8758c30c5' (can't parse 'dev-59257681c9304db289fae10e1bbf8fa8758c30c5')
        Skipped 'dev-3b1ef64ebd0da276319ab2f34f350c3d48e92f41' (can't parse 'dev-3b1ef64ebd0da276319ab2f34f350c3d48e92f41')
        Skipped 'fix-stuck-optimizers' (can't parse 'fix-stuck-optimizers')
        Skipped '3b17deb2' (can't parse '3b17deb2')
        Skipped '65e79e45' (can't parse '65e79e45')
        Skipped '4277f8bf' (can't parse '4277f8bf')
        Skipped '7d57fb88' (can't parse '7d57fb88')
        Skipped '1605bdf9' (can't parse '1605bdf9')
        Skipped 'f3c7cca4' (can't parse 'f3c7cca4')
        Skipped '032025c4' (can't parse '032025c4')
        Skipped '9f822f06' (can't parse '9f822f06')
        Skipped '4954d6d3' (can't parse '4954d6d3')
        Skipped 'extra-debugging' (can't parse 'extra-debugging')
        Skipped 'hnsw-parallel-build-accuracy' (can't parse 'hnsw-parallel-build-accuracy')
        Skipped 'debug-shenanigans' (can't parse 'debug-shenanigans')
        Skipped 'debug' (can't parse 'debug')
        Skipped 'dev-1.5' (can't parse 'dev-1.5')
        Skipped 'shard-snapshot-lock-free-shard-read-ops-1' (can't parse 'shard-snapshot-lock-free-shard-read-ops-1')
        Skipped 'shard-snapshot-lock-free-shard-read-ops' (can't parse 'shard-snapshot-lock-free-shard-read-ops')
        Skipped 'shard-snapshot-priority-local-only' (can't parse 'shard-snapshot-priority-local-only')
        Skipped 'dev-arm' (can't parse 'dev-arm')
        Skipped 'dev-indexed-only' (can't parse 'dev-indexed-only')
        Skipped 'skip-outdated-raft-heartbeats' (can't parse 'skip-outdated-raft-heartbeats')
        Skipped 'fixed-locks' (can't parse 'fixed-locks')
        Skipped 'gdb-1' (can't parse 'gdb-1')
        Skipped 'preheat-heuristic' (can't parse 'preheat-heuristic')
        Skipped 'preheat-advise' (can't parse 'preheat-advise')
        Skipped 'preheat-test-perf-bb' (can't parse 'preheat-test-perf-bb')
        Skipped 'oversampling-test' (can't parse 'oversampling-test')
        Skipped 'preheat-test-perf' (can't parse 'preheat-test-perf')
        Skipped 'preheat-test' (can't parse 'preheat-test')
        Skipped 'uring-test-12' (can't parse 'uring-test-12')
        Skipped 'uring-test-11' (can't parse 'uring-test-11')
        Skipped 'uring-test-10' (can't parse 'uring-test-10')
        Skipped 'uring-test-9' (can't parse 'uring-test-9')
        Skipped 'uring-test-8' (can't parse 'uring-test-8')
        Skipped 'uring-test-7' (can't parse 'uring-test-7')
        Skipped 'uring-test-6' (can't parse 'uring-test-6')
        Skipped 'uring-test-5' (can't parse 'uring-test-5')
        Skipped 'uring-test-4' (can't parse 'uring-test-4')
        Skipped 'uring-test-3' (can't parse 'uring-test-3')
        Skipped 'uring-test-2' (can't parse 'uring-test-2')
        Skipped 'uring-test-1' (can't parse 'uring-test-1')
        Skipped 'hnsw-diplicated-vectors-2' (can't parse 'hnsw-diplicated-vectors-2')
        Skipped 'hnsw-diplicated-vectors' (can't parse 'hnsw-diplicated-vectors')
        Skipped 'debug-disable-init-message-sending' (can't parse 'debug-disable-init-message-sending')
        Skipped 'threads-fix' (can't parse 'threads-fix')
        Skipped 'pre-release-1-0' (can't parse 'pre-release-1-0')
        Skipped 'faster-snapshots-2' (can't parse 'faster-snapshots-2')
        Skipped 'faster-snapshots' (can't parse 'faster-snapshots')
        Skipped 'back-pressure' (can't parse 'back-pressure')
        Skipped 'multiplatform-build-fix-3' (can't parse 'multiplatform-build-fix-3')
        Skipped 'multiplatform-build-fix-2' (can't parse 'multiplatform-build-fix-2')
        Skipped 'dev-transfer-abort' (can't parse 'dev-transfer-abort')
        Skipped 'dev-tonic-cancel-2' (can't parse 'dev-tonic-cancel-2')
        Skipped 'dev-tonic-cancel' (can't parse 'dev-tonic-cancel')
        Skipped 'dev-2022-07-03-1' (can't parse 'dev-2022-07-03-1')
      Highest: v1.18.2 (parsed as (1, 18, 2))
    [!] UPDATE: v1.17.1 -> v1.18.2

[?] CHECK neo4j: neo4j:5.26.25-community
    Repo: library/neo4j
    Fetched 499 tags
      Current: '5.26.25-community' -> ver='5.26.25', suffix='-community'
      Same-track tags (44): ['5.26.27-community', '5.26-community', '5-community', '4.4.48-community', '4.4-community', '2026.05.0-community', '2026.05-community', '2026-community']
      Highest: 2026.05.0-community (parsed as (2026, 5, 0))
    [!] UPDATE: 5.26.25-community -> 2026.05.0-community

[S] SKIP api-gateway: minder/api-gateway:1.0.0 (has build section)

[S] SKIP plugin-registry: minder/plugin-registry:1.0.0 (has build section)

[S] SKIP plugin-state-manager: minder/plugin-state-manager:1.0.0 (has build section)

[S] SKIP rag-pipeline: minder/rag-pipeline:1.0.0 (has build section)

[S] SKIP model-management: minder/model-management:1.0.0 (has build section)

[?] CHECK influxdb: influxdb:3.9.1-core
    Repo: library/influxdb
    Fetched 499 tags
      Current: '3.9.1-core' -> ver='3.9.1', suffix='-core'
      Same-track tags (34): ['3.10.0-core', '3.10-core', '3-core', '3.9.3-core', '3.9-core', '3.9.2-core', '3.9.1-core', '3.9.0-core']
      Highest: 3.10.0-core (parsed as (3, 10, 0))
    [!] UPDATE: 3.9.1-core -> 3.10.0-core

[?] CHECK telegraf: telegraf:1.34.0
    Repo: library/telegraf
    Fetched 457 tags
      Current: '1.34.0' -> ver='1.34.0', suffix=''
      Same-track tags (224): ['1.39.0', '1.39', '1.38.4', '1.38', '1.37.3', '1.37', 'alpine', '1.36.4']
        Skipped 'alpine' (can't parse 'alpine')
      Highest: 1.39.0 (parsed as (1, 39, 0))
    [!] UPDATE: 1.34.0 -> 1.39.0

[?] CHECK prometheus: prom/prometheus:v3.1.0
    Repo: prom/prometheus
    Fetched 384 tags
      Current: 'v3.1.0' -> ver='3.1.0', suffix=''
      Same-track tags (228): ['main-distroless', 'main', 'main-busybox', 'v3.5.4', 'latest-distroless', 'v3', 'latest-busybox', 'v3.12.0']
        Skipped 'main-distroless' (can't parse 'main-distroless')
        Skipped 'main' (can't parse 'main')
        Skipped 'main-busybox' (can't parse 'main-busybox')
        Skipped 'latest-distroless' (can't parse 'latest-distroless')
        Skipped 'latest-busybox' (can't parse 'latest-busybox')
        Skipped '0.18.0rc1' (can't parse '0.18.0rc1')
        Skipped '0.17.0rc2' (can't parse '0.17.0rc2')
        Skipped '0.17.0rc1' (can't parse '0.17.0rc1')
        Skipped '0.16.0rc1' (can't parse '0.16.0rc1')
        Skipped '0.16.0rc2' (can't parse '0.16.0rc2')
      Highest: v3.12.0 (parsed as (3, 12, 0))
    [!] UPDATE: v3.1.0 -> v3.12.0

[?] CHECK alertmanager: prom/alertmanager:v0.33.0
    Repo: prom/alertmanager
    Fetched 86 tags
      Current: 'v0.33.0' -> ver='0.33.0', suffix=''
      Same-track tags (59): ['main', 'v0', 'v0.33.0', 'v0.32.2', 'v0.32.1', 'v0.32.0', 'v0.31.1', 'v0.31.0']
        Skipped 'main' (can't parse 'main')
        Skipped 'stable' (can't parse 'stable')
      Highest: v0.33.0 (parsed as (0, 33, 0))
    [*] Up to date

[?] CHECK grafana: grafana/grafana:11.6.0
    Repo: grafana/grafana
    Fetched 499 tags
      Current: '11.6.0' -> ver='11.6.0', suffix=''
      Same-track tags (80): ['nightly-distroless', 'nightly-slim', 'nightly', 'nightly-distroless-slim', 'nightly-ubuntu', 'nightly-ubuntu-slim', '11.6.16', '11.6']
        Skipped 'nightly-distroless' (can't parse 'nightly-distroless')
        Skipped 'nightly-slim' (can't parse 'nightly-slim')
        Skipped 'nightly' (can't parse 'nightly')
        Skipped 'nightly-distroless-slim' (can't parse 'nightly-distroless-slim')
        Skipped 'nightly-ubuntu' (can't parse 'nightly-ubuntu')
        Skipped 'nightly-ubuntu-slim' (can't parse 'nightly-ubuntu-slim')
        Skipped 'latest-distroless-slim' (can't parse 'latest-distroless-slim')
        Skipped 'latest-distroless' (can't parse 'latest-distroless')
        Skipped 'latest-slim' (can't parse 'latest-slim')
        Skipped 'latest-ubuntu-slim' (can't parse 'latest-ubuntu-slim')
        Skipped 'latest-ubuntu' (can't parse 'latest-ubuntu')
        Skipped 'main-distroless-slim' (can't parse 'main-distroless-slim')
        Skipped 'main-ubuntu-slim' (can't parse 'main-ubuntu-slim')
        Skipped 'main-distroless' (can't parse 'main-distroless')
        Skipped 'main-slim' (can't parse 'main-slim')
        Skipped 'main-ubuntu' (can't parse 'main-ubuntu')
        Skipped 'main' (can't parse 'main')
        Skipped 'dev-preview-react19' (can't parse 'dev-preview-react19')
      Highest: 13.1 (parsed as (13, 1, 0))
    [!] UPDATE: 11.6.0 -> 13.1

[S] SKIP openwebui: ghcr.io/open-webui/open-webui:latest (GHCR)

[S] SKIP marketplace: minder/marketplace:1.0.0 (has build section)

[S] SKIP tts-stt: minder/tts-stt:1.0.0 (has build section)

[S] SKIP graph-rag: minder/graph-rag:1.0.0 (has build section)

[?] CHECK postgres-exporter: prometheuscommunity/postgres-exporter:v0.19.1
    Repo: prometheuscommunity/postgres-exporter
    Fetched 21 tags
      Current: 'v0.19.1' -> ver='0.19.1', suffix=''
      Same-track tags (20): ['v0', 'v0.19.1', 'v0.19.0', 'v0.18.1', 'v0.18.0', 'v0.17.1', 'v0.17.0', 'v0.16.0']
      Highest: v0.19.1 (parsed as (0, 19, 1))
    [*] Up to date

[?] CHECK redis-exporter: oliver006/redis_exporter:v1.83.0
    Repo: oliver006/redis_exporter
    Fetched 499 tags
      Current: 'v1.83.0' -> ver='1.83.0', suffix=''
      Same-track tags (124): ['alpine', 'v1.86.0', 'v1.85.0', 'v1.84.0', 'v1.83.0', 'v1.82.0', 'v1.81.0', 'v1.80.2']
        Skipped 'alpine' (can't parse 'alpine')
        Skipped 'alpine-arm' (can't parse 'alpine-arm')
        Skipped 'alpine-arm64' (can't parse 'alpine-arm64')
        Skipped 'alpine-amd64' (can't parse 'alpine-amd64')
        Skipped 'latest-arm' (can't parse 'latest-arm')
        Skipped 'latest-arm64' (can't parse 'latest-arm64')
        Skipped 'latest-amd64' (can't parse 'latest-amd64')
        Skipped 'tst' (can't parse 'tst')
        Skipped 'tst-v2' (can't parse 'tst-v2')
      Highest: v1.86.0 (parsed as (1, 86, 0))
    [!] UPDATE: v1.83.0 -> v1.86.0

[?] CHECK rabbitmq-exporter: kbudde/rabbitmq-exporter:v1.0.0-RC9
    Repo: kbudde/rabbitmq-exporter
    Fetched 120 tags
      Current: 'v1.0.0-RC9' -> ver='1.0.0', suffix='-RC9'
      Same-track tags (1): ['v1.0.0-RC9']
      Highest: v1.0.0-RC9 (parsed as (1, 0, 0))
    [*] Up to date

[?] CHECK node-exporter: prom/node-exporter:v1.8.2
    Repo: prom/node-exporter
    Fetched 52 tags
      Current: 'v1.8.2' -> ver='1.8.2', suffix=''
      Same-track tags (40): ['master-distroless', 'master-busybox', 'latest-distroless', 'v1', 'latest-busybox', 'v1.11.1', 'v1.11.0', 'v1.10.2']
        Skipped 'master-distroless' (can't parse 'master-distroless')
        Skipped 'master-busybox' (can't parse 'master-busybox')
        Skipped 'latest-distroless' (can't parse 'latest-distroless')
        Skipped 'latest-busybox' (can't parse 'latest-busybox')
      Highest: v1.11.1 (parsed as (1, 11, 1))
    [!] UPDATE: v1.8.2 -> v1.11.1

[S] SKIP cadvisor: gcr.io/cadvisor/cadvisor:v0.51.0 (GCR)

[?] CHECK blackbox-exporter: prom/blackbox-exporter:v0.25.0
    Repo: prom/blackbox-exporter
    Fetched 35 tags
      Current: 'v0.25.0' -> ver='0.25.0', suffix=''
      Same-track tags (33): ['master-distroless', 'master-busybox', 'v0.28.0', 'v0.27.0', 'v0.26.0', 'v0.25.0', 'v0.24.0', 'v0.23.0']
        Skipped 'master-distroless' (can't parse 'master-distroless')
        Skipped 'master-busybox' (can't parse 'master-busybox')
      Highest: v0.28.0 (parsed as (0, 28, 0))
    [!] UPDATE: v0.25.0 -> v0.28.0

[S] SKIP jaeger: jaegertracing/all-in-one:latest (latest tag)

[?] CHECK otel-collector: otel/opentelemetry-collector:0.114.0
    Repo: otel/opentelemetry-collector
    Fetched 169 tags
      Current: '0.114.0' -> ver='0.114.0', suffix=''
      Same-track tags (21): ['nightly', 'nightly-s390x', 'nightly-arm64', 'nightly-riscv64', 'nightly-ppc64le', 'nightly-amd64', 'nightly-armv7', 'nightly-386']
        Skipped 'nightly' (can't parse 'nightly')
        Skipped 'nightly-s390x' (can't parse 'nightly-s390x')
        Skipped 'nightly-arm64' (can't parse 'nightly-arm64')
        Skipped 'nightly-riscv64' (can't parse 'nightly-riscv64')
        Skipped 'nightly-ppc64le' (can't parse 'nightly-ppc64le')
        Skipped 'nightly-amd64' (can't parse 'nightly-amd64')
        Skipped 'nightly-armv7' (can't parse 'nightly-armv7')
        Skipped 'nightly-386' (can't parse 'nightly-386')
        Skipped 'latest-arm64' (can't parse 'latest-arm64')
        Skipped 'latest-windows-2019-amd64' (can't parse 'latest-windows-2019-amd64')
        Skipped 'latest-windows-2022-amd64' (can't parse 'latest-windows-2022-amd64')
        Skipped 'latest-riscv64' (can't parse 'latest-riscv64')
        Skipped 'latest-armv7' (can't parse 'latest-armv7')
        Skipped 'latest-ppc64le' (can't parse 'latest-ppc64le')
        Skipped 'latest-386' (can't parse 'latest-386')
        Skipped 'latest-s390x' (can't parse 'latest-s390x')
        Skipped 'latest-amd64' (can't parse 'latest-amd64')
      Highest: 0.155.0 (parsed as (0, 155, 0))
    [!] UPDATE: 0.114.0 -> 0.155.0

================================================================================
SUMMARY
================================================================================
[!] traefik                        UPDATE   v3.7.0->v3.7.5
[!] postgres                       UPDATE   18.3-trixie->18.4-trixie
[!] redis                          UPDATE   7.4-alpine->8.8.0-alpine
[!] rabbitmq                       UPDATE   3.13-management->4.3.2-management
[X] minio                          ERROR    no valid versions in track
[X] schema-registry                ERROR    no valid versions in track
[*] ollama                         OK       current
[!] qdrant                         UPDATE   v1.17.1->v1.18.2
[!] neo4j                          UPDATE   5.26.25-community->2026.05.0-community
[S] api-gateway                    SKIP     local build
[S] plugin-registry                SKIP     local build
[S] plugin-state-manager           SKIP     local build
[S] rag-pipeline                   SKIP     local build
[S] model-management               SKIP     local build
[!] influxdb                       UPDATE   3.9.1-core->3.10.0-core
[!] telegraf                       UPDATE   1.34.0->1.39.0
[!] prometheus                     UPDATE   v3.1.0->v3.12.0
[*] alertmanager                   OK       current
[!] grafana                        UPDATE   11.6.0->13.1
[S] openwebui                      SKIP     GHCR
[S] marketplace                    SKIP     local build
[S] tts-stt                        SKIP     local build
[S] graph-rag                      SKIP     local build
[*] postgres-exporter              OK       current
[!] redis-exporter                 UPDATE   v1.83.0->v1.86.0
[*] rabbitmq-exporter              OK       current
[!] node-exporter                  UPDATE   v1.8.2->v1.11.1
[S] cadvisor                       SKIP     GCR
[!] blackbox-exporter              UPDATE   v0.25.0->v0.28.0
[S] jaeger                         SKIP     latest tag
[!] otel-collector                 UPDATE   0.114.0->0.155.0

Total: 31 | Updates: 14 | OK: 4 | Skip: 11 | Error: 2

================================================================================
UPDATES JSON
================================================================================
{
  "traefik": {
    "image": "traefik",
    "current": "v3.7.0",
    "latest": "v3.7.5",
    "registry": "DOCKER_HUB"
  },
  "postgres": {
    "image": "postgres",
    "current": "18.3-trixie",
    "latest": "18.4-trixie",
    "registry": "DOCKER_HUB"
  },
  "redis": {
    "image": "redis",
    "current": "7.4-alpine",
    "latest": "8.8.0-alpine",
    "registry": "DOCKER_HUB"
  },
  "rabbitmq": {
    "image": "rabbitmq",
    "current": "3.13-management",
    "latest": "4.3.2-management",
    "registry": "DOCKER_HUB"
  },
  "qdrant": {
    "image": "qdrant/qdrant",
    "current": "v1.17.1",
    "latest": "v1.18.2",
    "registry": "DOCKER_HUB"
  },
  "neo4j": {
    "image": "neo4j",
    "current": "5.26.25-community",
    "latest": "2026.05.0-community",
    "registry": "DOCKER_HUB"
  },
  "influxdb": {
    "image": "influxdb",
    "current": "3.9.1-core",
    "latest": "3.10.0-core",
    "registry": "DOCKER_HUB"
  },
  "telegraf": {
    "image": "telegraf",
    "current": "1.34.0",
    "latest": "1.39.0",
    "registry": "DOCKER_HUB"
  },
  "prometheus": {
    "image": "prom/prometheus",
    "current": "v3.1.0",
    "latest": "v3.12.0",
    "registry": "DOCKER_HUB"
  },
  "grafana": {
    "image": "grafana/grafana",
    "current": "11.6.0",
    "latest": "13.1",
    "registry": "DOCKER_HUB"
  },
  "redis-exporter": {
    "image": "oliver006/redis_exporter",
    "current": "v1.83.0",
    "latest": "v1.86.0",
    "registry": "DOCKER_HUB"
  },
  "node-exporter": {
    "image": "prom/node-exporter",
    "current": "v1.8.2",
    "latest": "v1.11.1",
    "registry": "DOCKER_HUB"
  },
  "blackbox-exporter": {
    "image": "prom/blackbox-exporter",
    "current": "v0.25.0",
    "latest": "v0.28.0",
    "registry": "DOCKER_HUB"
  },
  "otel-collector": {
    "image": "otel/opentelemetry-collector",
    "current": "0.114.0",
    "latest": "0.155.0",
    "registry": "DOCKER_HUB"
  }
}
